[2026-09-23T15:52:36.708+0000] {local_task_job_runner.py:123} INFO - ::group::Pre task execution logs
[2026-09-23T15:52:36.731+0000] {taskinstance.py:2614} INFO - Dependencies all met for dep_context=non-requeueable deps ti=<TaskInstance: dss150p_sales_pipeline.begin_run scheduled__2026-09-22T02:00:00+00:00 [queued]>
[2026-09-23T15:52:36.743+0000] {taskinstance.py:2614} INFO - Dependencies all met for dep_context=requeueable deps ti=<TaskInstance: dss150p_sales_pipeline.begin_run scheduled__2026-09-22T02:00:00+00:00 [queued]>
[2026-09-23T15:52:36.745+0000] {taskinstance.py:2867} INFO - Starting attempt 1 of 3
[2026-09-23T15:52:36.761+0000] {taskinstance.py:2890} INFO - Executing <Task(BashOperator): begin_run> on 2026-09-22 02:00:00+00:00
[2026-09-23T15:52:36.768+0000] {standard_task_runner.py:72} INFO - Started process 204 to run task
[2026-09-23T15:52:36.772+0000] {standard_task_runner.py:104} INFO - Running: ['airflow', 'tasks', 'run', 'dss150p_sales_pipeline', 'begin_run', 'scheduled__2026-09-22T02:00:00+00:00', '--job-id', '2', '--raw', '--subdir', 'DAGS_FOLDER/dss150p_pipeline.py', '--cfg-path', '/tmp/tmp5ubr4zrq']
[2026-09-23T15:52:36.776+0000] {standard_task_runner.py:105} INFO - Job 2: Subtask begin_run
[2026-09-23T15:52:36.845+0000] {task_command.py:467} INFO - Running <TaskInstance: dss150p_sales_pipeline.begin_run scheduled__2026-09-22T02:00:00+00:00 [running]> on host a54d77175d05
[2026-09-23T15:52:36.948+0000] {taskinstance.py:3134} INFO - Exporting env vars: AIRFLOW_CTX_DAG_OWNER='dss150p' AIRFLOW_CTX_DAG_ID='dss150p_sales_pipeline' AIRFLOW_CTX_TASK_ID='begin_run' AIRFLOW_CTX_EXECUTION_DATE='2026-09-22T02:00:00+00:00' AIRFLOW_CTX_TRY_NUMBER='1' AIRFLOW_CTX_DAG_RUN_ID='scheduled__2026-09-22T02:00:00+00:00'
[2026-09-23T15:52:36.949+0000] {taskinstance.py:732} INFO - ::endgroup::
[2026-09-23T15:52:36.971+0000] {subprocess.py:78} INFO - Tmp dir root location: /tmp
[2026-09-23T15:52:36.973+0000] {subprocess.py:88} INFO - Running command: ['/usr/bin/bash', '-c', 'cd /opt/airflow/project && PIPELINE_RUN_ID="scheduled__2026-09-22T02:00:00+00:00" python -m src.cli begin-run']
[2026-09-23T15:52:36.983+0000] {subprocess.py:99} INFO - Output:
[2026-09-23T15:52:38.304+0000] {subprocess.py:106} INFO - [begin-run] run_id=scheduled__2026-09-22T02:00:00+00:00 recorded in audit.pipeline_runs
[2026-09-23T15:52:38.384+0000] {subprocess.py:110} INFO - Command exited with return code 0
[2026-09-23T15:52:38.412+0000] {taskinstance.py:341} INFO - ::group::Post task execution logs
[2026-09-23T15:52:38.413+0000] {taskinstance.py:353} INFO - Marking task as SUCCESS. dag_id=dss150p_sales_pipeline, task_id=begin_run, run_id=scheduled__2026-09-22T02:00:00+00:00, execution_date=20260922T020000, start_date=20260923T155236, end_date=20260923T155238
[2026-09-23T15:52:38.472+0000] {local_task_job_runner.py:266} INFO - Task exited with return code 0
[2026-09-23T15:52:38.499+0000] {taskinstance.py:3901} INFO - 1 downstream tasks scheduled from follow-on schedule check
[2026-09-23T15:52:38.502+0000] {local_task_job_runner.py:245} INFO - ::endgroup::
