[2026-09-23T15:27:18.983+0000] {local_task_job_runner.py:123} INFO - ::group::Pre task execution logs
[2026-09-23T15:27:19.000+0000] {taskinstance.py:2614} INFO - Dependencies all met for dep_context=non-requeueable deps ti=<TaskInstance: dss150p_sales_pipeline.extract scheduled__2026-09-22T02:00:00+00:00 [queued]>
[2026-09-23T15:27:19.008+0000] {taskinstance.py:2614} INFO - Dependencies all met for dep_context=requeueable deps ti=<TaskInstance: dss150p_sales_pipeline.extract scheduled__2026-09-22T02:00:00+00:00 [queued]>
[2026-09-23T15:27:19.009+0000] {taskinstance.py:2867} INFO - Starting attempt 1 of 3
[2026-09-23T15:27:19.020+0000] {taskinstance.py:2890} INFO - Executing <Task(BashOperator): extract> on 2026-09-22 02:00:00+00:00
[2026-09-23T15:27:19.028+0000] {standard_task_runner.py:72} INFO - Started process 193 to run task
[2026-09-23T15:27:19.032+0000] {standard_task_runner.py:104} INFO - Running: ['airflow', 'tasks', 'run', 'dss150p_sales_pipeline', 'extract', 'scheduled__2026-09-22T02:00:00+00:00', '--job-id', '3', '--raw', '--subdir', 'DAGS_FOLDER/dss150p_pipeline.py', '--cfg-path', '/tmp/tmp130fc4v8']
[2026-09-23T15:27:19.035+0000] {standard_task_runner.py:105} INFO - Job 3: Subtask extract
[2026-09-23T15:27:19.111+0000] {task_command.py:467} INFO - Running <TaskInstance: dss150p_sales_pipeline.extract scheduled__2026-09-22T02:00:00+00:00 [running]> on host 549fa4d9275e
[2026-09-23T15:27:19.204+0000] {taskinstance.py:3134} INFO - Exporting env vars: AIRFLOW_CTX_DAG_OWNER='dss150p' AIRFLOW_CTX_DAG_ID='dss150p_sales_pipeline' AIRFLOW_CTX_TASK_ID='extract' AIRFLOW_CTX_EXECUTION_DATE='2026-09-22T02:00:00+00:00' AIRFLOW_CTX_TRY_NUMBER='1' AIRFLOW_CTX_DAG_RUN_ID='scheduled__2026-09-22T02:00:00+00:00'
[2026-09-23T15:27:19.207+0000] {taskinstance.py:732} INFO - ::endgroup::
[2026-09-23T15:27:19.230+0000] {subprocess.py:78} INFO - Tmp dir root location: /tmp
[2026-09-23T15:27:19.232+0000] {subprocess.py:88} INFO - Running command: ['/usr/bin/bash', '-c', 'cd /opt/airflow/project && PIPELINE_RUN_ID="scheduled__2026-09-22T02:00:00+00:00" python -m src.cli extract']
[2026-09-23T15:27:19.250+0000] {subprocess.py:99} INFO - Output:
[2026-09-23T15:27:21.000+0000] {subprocess.py:106} INFO - [extract] run_id=scheduled__2026-09-22T02:00:00+00:00 -> /opt/airflow/project/data/raw/run_id=scheduled__2026-09-22T02:00:00+00:00
[2026-09-23T15:27:21.113+0000] {subprocess.py:110} INFO - Command exited with return code 0
[2026-09-23T15:27:21.159+0000] {taskinstance.py:341} INFO - ::group::Post task execution logs
[2026-09-23T15:27:21.161+0000] {taskinstance.py:353} INFO - Marking task as SUCCESS. dag_id=dss150p_sales_pipeline, task_id=extract, run_id=scheduled__2026-09-22T02:00:00+00:00, execution_date=20260922T020000, start_date=20260923T152719, end_date=20260923T152721
[2026-09-23T15:27:21.214+0000] {local_task_job_runner.py:266} INFO - Task exited with return code 0
[2026-09-23T15:27:21.250+0000] {taskinstance.py:3901} INFO - 1 downstream tasks scheduled from follow-on schedule check
[2026-09-23T15:27:21.252+0000] {local_task_job_runner.py:245} INFO - ::endgroup::
[2026-09-23T15:52:39.193+0000] {local_task_job_runner.py:123} INFO - ::group::Pre task execution logs
[2026-09-23T15:52:39.214+0000] {taskinstance.py:2614} INFO - Dependencies all met for dep_context=non-requeueable deps ti=<TaskInstance: dss150p_sales_pipeline.extract scheduled__2026-09-22T02:00:00+00:00 [queued]>
[2026-09-23T15:52:39.224+0000] {taskinstance.py:2614} INFO - Dependencies all met for dep_context=requeueable deps ti=<TaskInstance: dss150p_sales_pipeline.extract scheduled__2026-09-22T02:00:00+00:00 [queued]>
[2026-09-23T15:52:39.225+0000] {taskinstance.py:2867} INFO - Starting attempt 1 of 3
[2026-09-23T15:52:39.240+0000] {taskinstance.py:2890} INFO - Executing <Task(BashOperator): extract> on 2026-09-22 02:00:00+00:00
[2026-09-23T15:52:39.246+0000] {standard_task_runner.py:72} INFO - Started process 227 to run task
[2026-09-23T15:52:39.249+0000] {standard_task_runner.py:104} INFO - Running: ['airflow', 'tasks', 'run', 'dss150p_sales_pipeline', 'extract', 'scheduled__2026-09-22T02:00:00+00:00', '--job-id', '3', '--raw', '--subdir', 'DAGS_FOLDER/dss150p_pipeline.py', '--cfg-path', '/tmp/tmp6u_6fb0t']
[2026-09-23T15:52:39.252+0000] {standard_task_runner.py:105} INFO - Job 3: Subtask extract
[2026-09-23T15:52:39.328+0000] {task_command.py:467} INFO - Running <TaskInstance: dss150p_sales_pipeline.extract scheduled__2026-09-22T02:00:00+00:00 [running]> on host a54d77175d05
[2026-09-23T15:52:39.418+0000] {taskinstance.py:3134} INFO - Exporting env vars: AIRFLOW_CTX_DAG_OWNER='dss150p' AIRFLOW_CTX_DAG_ID='dss150p_sales_pipeline' AIRFLOW_CTX_TASK_ID='extract' AIRFLOW_CTX_EXECUTION_DATE='2026-09-22T02:00:00+00:00' AIRFLOW_CTX_TRY_NUMBER='1' AIRFLOW_CTX_DAG_RUN_ID='scheduled__2026-09-22T02:00:00+00:00'
[2026-09-23T15:52:39.420+0000] {taskinstance.py:732} INFO - ::endgroup::
[2026-09-23T15:52:39.433+0000] {subprocess.py:78} INFO - Tmp dir root location: /tmp
[2026-09-23T15:52:39.435+0000] {subprocess.py:88} INFO - Running command: ['/usr/bin/bash', '-c', 'cd /opt/airflow/project && PIPELINE_RUN_ID="scheduled__2026-09-22T02:00:00+00:00" python -m src.cli extract']
[2026-09-23T15:52:39.446+0000] {subprocess.py:99} INFO - Output:
[2026-09-23T15:52:40.913+0000] {subprocess.py:106} INFO - [extract] run_id=scheduled__2026-09-22T02:00:00+00:00 -> /opt/airflow/project/data/raw/run_id=scheduled__2026-09-22T02:00:00+00:00
[2026-09-23T15:52:41.009+0000] {subprocess.py:110} INFO - Command exited with return code 0
[2026-09-23T15:52:41.041+0000] {taskinstance.py:341} INFO - ::group::Post task execution logs
[2026-09-23T15:52:41.042+0000] {taskinstance.py:353} INFO - Marking task as SUCCESS. dag_id=dss150p_sales_pipeline, task_id=extract, run_id=scheduled__2026-09-22T02:00:00+00:00, execution_date=20260922T020000, start_date=20260923T155239, end_date=20260923T155241
[2026-09-23T15:52:41.109+0000] {local_task_job_runner.py:266} INFO - Task exited with return code 0
[2026-09-23T15:52:41.134+0000] {taskinstance.py:3901} INFO - 1 downstream tasks scheduled from follow-on schedule check
[2026-09-23T15:52:41.137+0000] {local_task_job_runner.py:245} INFO - ::endgroup::
