[2026-09-23T15:41:07.865+0000] {local_task_job_runner.py:123} INFO - ::group::Pre task execution logs
[2026-09-23T15:41:07.886+0000] {taskinstance.py:2614} INFO - Dependencies all met for dep_context=non-requeueable deps ti=<TaskInstance: dss150p_sales_pipeline.end_run manual__2026-09-23T15:27:34+00:00 [queued]>
[2026-09-23T15:41:07.894+0000] {taskinstance.py:2614} INFO - Dependencies all met for dep_context=requeueable deps ti=<TaskInstance: dss150p_sales_pipeline.end_run manual__2026-09-23T15:27:34+00:00 [queued]>
[2026-09-23T15:41:07.896+0000] {taskinstance.py:2867} INFO - Starting attempt 1 of 3
[2026-09-23T15:41:07.906+0000] {taskinstance.py:2890} INFO - Executing <Task(BashOperator): end_run> on 2026-09-23 15:27:34+00:00
[2026-09-23T15:41:07.912+0000] {standard_task_runner.py:72} INFO - Started process 634 to run task
[2026-09-23T15:41:07.915+0000] {standard_task_runner.py:104} INFO - Running: ['airflow', 'tasks', 'run', 'dss150p_sales_pipeline', 'end_run', 'manual__2026-09-23T15:27:34+00:00', '--job-id', '32', '--raw', '--subdir', 'DAGS_FOLDER/dss150p_pipeline.py', '--cfg-path', '/tmp/tmpood5jltm']
[2026-09-23T15:41:07.918+0000] {standard_task_runner.py:105} INFO - Job 32: Subtask end_run
[2026-09-23T15:41:07.969+0000] {task_command.py:467} INFO - Running <TaskInstance: dss150p_sales_pipeline.end_run manual__2026-09-23T15:27:34+00:00 [running]> on host 549fa4d9275e
[2026-09-23T15:41:08.058+0000] {taskinstance.py:3134} INFO - Exporting env vars: AIRFLOW_CTX_DAG_OWNER='dss150p' AIRFLOW_CTX_DAG_ID='dss150p_sales_pipeline' AIRFLOW_CTX_TASK_ID='end_run' AIRFLOW_CTX_EXECUTION_DATE='2026-09-23T15:27:34+00:00' AIRFLOW_CTX_TRY_NUMBER='1' AIRFLOW_CTX_DAG_RUN_ID='manual__2026-09-23T15:27:34+00:00'
[2026-09-23T15:41:08.060+0000] {taskinstance.py:732} INFO - ::endgroup::
[2026-09-23T15:41:08.071+0000] {subprocess.py:78} INFO - Tmp dir root location: /tmp
[2026-09-23T15:41:08.073+0000] {subprocess.py:88} INFO - Running command: ['/usr/bin/bash', '-c', 'cd /opt/airflow/project && PIPELINE_RUN_ID="manual__2026-09-23T15:27:34+00:00" python -m src.cli end-run']
[2026-09-23T15:41:08.085+0000] {subprocess.py:99} INFO - Output:
[2026-09-23T15:41:09.376+0000] {subprocess.py:106} INFO - [end-run] run_id=manual__2026-09-23T15:27:34+00:00 marked SUCCESS (staging=49998, curated=49897, quarantined=3)
[2026-09-23T15:41:09.506+0000] {subprocess.py:110} INFO - Command exited with return code 0
[2026-09-23T15:41:09.535+0000] {taskinstance.py:341} INFO - ::group::Post task execution logs
[2026-09-23T15:41:09.536+0000] {taskinstance.py:353} INFO - Marking task as SUCCESS. dag_id=dss150p_sales_pipeline, task_id=end_run, run_id=manual__2026-09-23T15:27:34+00:00, execution_date=20260923T152734, start_date=20260923T154107, end_date=20260923T154109
[2026-09-23T15:41:09.613+0000] {local_task_job_runner.py:266} INFO - Task exited with return code 0
[2026-09-23T15:41:09.630+0000] {taskinstance.py:3901} INFO - 0 downstream tasks scheduled from follow-on schedule check
[2026-09-23T15:41:09.632+0000] {local_task_job_runner.py:245} INFO - ::endgroup::
