[2026-09-23T15:45:54.929+0000] {local_task_job_runner.py:123} INFO - ::group::Pre task execution logs
[2026-09-23T15:45:54.950+0000] {taskinstance.py:2614} INFO - Dependencies all met for dep_context=non-requeueable deps ti=<TaskInstance: dss150p_sales_pipeline.transform manual__2026-09-23T15:45:49+00:00 [queued]>
[2026-09-23T15:45:54.960+0000] {taskinstance.py:2614} INFO - Dependencies all met for dep_context=requeueable deps ti=<TaskInstance: dss150p_sales_pipeline.transform manual__2026-09-23T15:45:49+00:00 [queued]>
[2026-09-23T15:45:54.962+0000] {taskinstance.py:2867} INFO - Starting attempt 1 of 3
[2026-09-23T15:45:54.973+0000] {taskinstance.py:2890} INFO - Executing <Task(BashOperator): transform> on 2026-09-23 15:45:49+00:00
[2026-09-23T15:45:54.979+0000] {standard_task_runner.py:72} INFO - Started process 818 to run task
[2026-09-23T15:45:54.982+0000] {standard_task_runner.py:104} INFO - Running: ['airflow', 'tasks', 'run', 'dss150p_sales_pipeline', 'transform', 'manual__2026-09-23T15:45:49+00:00', '--job-id', '35', '--raw', '--subdir', 'DAGS_FOLDER/dss150p_pipeline.py', '--cfg-path', '/tmp/tmp5y2b9aul']
[2026-09-23T15:45:54.984+0000] {standard_task_runner.py:105} INFO - Job 35: Subtask transform
[2026-09-23T15:45:55.046+0000] {task_command.py:467} INFO - Running <TaskInstance: dss150p_sales_pipeline.transform manual__2026-09-23T15:45:49+00:00 [running]> on host 549fa4d9275e
[2026-09-23T15:45:55.160+0000] {taskinstance.py:3134} INFO - Exporting env vars: AIRFLOW_CTX_DAG_OWNER='dss150p' AIRFLOW_CTX_DAG_ID='dss150p_sales_pipeline' AIRFLOW_CTX_TASK_ID='transform' AIRFLOW_CTX_EXECUTION_DATE='2026-09-23T15:45:49+00:00' AIRFLOW_CTX_TRY_NUMBER='1' AIRFLOW_CTX_DAG_RUN_ID='manual__2026-09-23T15:45:49+00:00'
[2026-09-23T15:45:55.163+0000] {taskinstance.py:732} INFO - ::endgroup::
[2026-09-23T15:45:55.175+0000] {subprocess.py:78} INFO - Tmp dir root location: /tmp
[2026-09-23T15:45:55.177+0000] {subprocess.py:88} INFO - Running command: ['/usr/bin/bash', '-c', 'cd /opt/airflow/project && PIPELINE_RUN_ID="manual__2026-09-23T15:45:49+00:00" python -m src.cli transform']
[2026-09-23T15:45:55.189+0000] {subprocess.py:99} INFO - Output:
[2026-09-23T15:45:59.985+0000] {subprocess.py:106} INFO -   customers rows: 3000
[2026-09-23T15:45:59.987+0000] {subprocess.py:106} INFO -   products rows:  599
[2026-09-23T15:45:59.988+0000] {subprocess.py:106} INFO -   orders rows:    49998
[2026-09-23T15:45:59.989+0000] {subprocess.py:106} INFO -   quarantine rows: 3
[2026-09-23T15:45:59.990+0000] {subprocess.py:106} INFO -   curated rows:    49897
[2026-09-23T15:45:59.991+0000] {subprocess.py:106} INFO -   quarantine rows: 104
[2026-09-23T15:46:00.118+0000] {subprocess.py:110} INFO - Command exited with return code 0
[2026-09-23T15:46:00.176+0000] {taskinstance.py:341} INFO - ::group::Post task execution logs
[2026-09-23T15:46:00.177+0000] {taskinstance.py:353} INFO - Marking task as SUCCESS. dag_id=dss150p_sales_pipeline, task_id=transform, run_id=manual__2026-09-23T15:45:49+00:00, execution_date=20260923T154549, start_date=20260923T154554, end_date=20260923T154600
[2026-09-23T15:46:00.224+0000] {local_task_job_runner.py:266} INFO - Task exited with return code 0
[2026-09-23T15:46:00.252+0000] {taskinstance.py:3901} INFO - 1 downstream tasks scheduled from follow-on schedule check
[2026-09-23T15:46:00.255+0000] {local_task_job_runner.py:245} INFO - ::endgroup::
