[2026-09-23T15:52:45.369+0000] {local_task_job_runner.py:123} INFO - ::group::Pre task execution logs
[2026-09-23T15:52:45.395+0000] {taskinstance.py:2614} INFO - Dependencies all met for dep_context=non-requeueable deps ti=<TaskInstance: dss150p_sales_pipeline.extract manual__2026-09-23T15:52:42+00:00 [queued]>
[2026-09-23T15:52:45.404+0000] {taskinstance.py:2614} INFO - Dependencies all met for dep_context=requeueable deps ti=<TaskInstance: dss150p_sales_pipeline.extract manual__2026-09-23T15:52:42+00:00 [queued]>
[2026-09-23T15:52:45.406+0000] {taskinstance.py:2867} INFO - Starting attempt 1 of 3
[2026-09-23T15:52:45.417+0000] {taskinstance.py:2890} INFO - Executing <Task(BashOperator): extract> on 2026-09-23 15:52:42+00:00
[2026-09-23T15:52:45.422+0000] {standard_task_runner.py:72} INFO - Started process 283 to run task
[2026-09-23T15:52:45.426+0000] {standard_task_runner.py:104} INFO - Running: ['airflow', 'tasks', 'run', 'dss150p_sales_pipeline', 'extract', 'manual__2026-09-23T15:52:42+00:00', '--job-id', '6', '--raw', '--subdir', 'DAGS_FOLDER/dss150p_pipeline.py', '--cfg-path', '/tmp/tmp0t629j9i']
[2026-09-23T15:52:45.429+0000] {standard_task_runner.py:105} INFO - Job 6: Subtask extract
[2026-09-23T15:52:45.484+0000] {task_command.py:467} INFO - Running <TaskInstance: dss150p_sales_pipeline.extract manual__2026-09-23T15:52:42+00:00 [running]> on host a54d77175d05
[2026-09-23T15:52:45.570+0000] {taskinstance.py:3134} INFO - Exporting env vars: AIRFLOW_CTX_DAG_OWNER='dss150p' AIRFLOW_CTX_DAG_ID='dss150p_sales_pipeline' AIRFLOW_CTX_TASK_ID='extract' AIRFLOW_CTX_EXECUTION_DATE='2026-09-23T15:52:42+00:00' AIRFLOW_CTX_TRY_NUMBER='1' AIRFLOW_CTX_DAG_RUN_ID='manual__2026-09-23T15:52:42+00:00'
[2026-09-23T15:52:45.571+0000] {taskinstance.py:732} INFO - ::endgroup::
[2026-09-23T15:52:45.583+0000] {subprocess.py:78} INFO - Tmp dir root location: /tmp
[2026-09-23T15:52:45.585+0000] {subprocess.py:88} INFO - Running command: ['/usr/bin/bash', '-c', 'cd /opt/airflow/project && PIPELINE_RUN_ID="manual__2026-09-23T15:52:42+00:00" python -m src.cli extract']
[2026-09-23T15:52:45.594+0000] {subprocess.py:99} INFO - Output:
[2026-09-23T15:52:46.823+0000] {subprocess.py:106} INFO - [extract] run_id=manual__2026-09-23T15:52:42+00:00 -> /opt/airflow/project/data/raw/run_id=manual__2026-09-23T15:52:42+00:00
[2026-09-23T15:52:46.924+0000] {subprocess.py:110} INFO - Command exited with return code 0
[2026-09-23T15:52:46.959+0000] {taskinstance.py:341} INFO - ::group::Post task execution logs
[2026-09-23T15:52:46.960+0000] {taskinstance.py:353} INFO - Marking task as SUCCESS. dag_id=dss150p_sales_pipeline, task_id=extract, run_id=manual__2026-09-23T15:52:42+00:00, execution_date=20260923T155242, start_date=20260923T155245, end_date=20260923T155246
[2026-09-23T15:52:47.048+0000] {local_task_job_runner.py:266} INFO - Task exited with return code 0
[2026-09-23T15:52:47.073+0000] {taskinstance.py:3901} INFO - 1 downstream tasks scheduled from follow-on schedule check
[2026-09-23T15:52:47.076+0000] {local_task_job_runner.py:245} INFO - ::endgroup::
