[2026-09-23T15:40:45.453+0000] {local_task_job_runner.py:123} INFO - ::group::Pre task execution logs
[2026-09-23T15:40:45.474+0000] {taskinstance.py:2614} INFO - Dependencies all met for dep_context=non-requeueable deps ti=<TaskInstance: dss150p_sales_pipeline.begin_run manual__2026-09-23T15:36:45+00:00 [queued]>
[2026-09-23T15:40:45.483+0000] {taskinstance.py:2614} INFO - Dependencies all met for dep_context=requeueable deps ti=<TaskInstance: dss150p_sales_pipeline.begin_run manual__2026-09-23T15:36:45+00:00 [queued]>
[2026-09-23T15:40:45.485+0000] {taskinstance.py:2867} INFO - Starting attempt 5 of 7
[2026-09-23T15:40:45.497+0000] {taskinstance.py:2890} INFO - Executing <Task(BashOperator): begin_run> on 2026-09-23 15:36:45+00:00
[2026-09-23T15:40:45.503+0000] {standard_task_runner.py:72} INFO - Started process 381 to run task
[2026-09-23T15:40:45.510+0000] {standard_task_runner.py:104} INFO - Running: ['airflow', 'tasks', 'run', 'dss150p_sales_pipeline', 'begin_run', 'manual__2026-09-23T15:36:45+00:00', '--job-id', '20', '--raw', '--subdir', 'DAGS_FOLDER/dss150p_pipeline.py', '--cfg-path', '/tmp/tmpcznfsm21']
[2026-09-23T15:40:45.513+0000] {standard_task_runner.py:105} INFO - Job 20: Subtask begin_run
[2026-09-23T15:40:45.576+0000] {task_command.py:467} INFO - Running <TaskInstance: dss150p_sales_pipeline.begin_run manual__2026-09-23T15:36:45+00:00 [running]> on host 549fa4d9275e
[2026-09-23T15:40:45.686+0000] {taskinstance.py:3134} INFO - Exporting env vars: AIRFLOW_CTX_DAG_OWNER='dss150p' AIRFLOW_CTX_DAG_ID='dss150p_sales_pipeline' AIRFLOW_CTX_TASK_ID='begin_run' AIRFLOW_CTX_EXECUTION_DATE='2026-09-23T15:36:45+00:00' AIRFLOW_CTX_TRY_NUMBER='5' AIRFLOW_CTX_DAG_RUN_ID='manual__2026-09-23T15:36:45+00:00'
[2026-09-23T15:40:45.688+0000] {taskinstance.py:732} INFO - ::endgroup::
[2026-09-23T15:40:45.700+0000] {subprocess.py:78} INFO - Tmp dir root location: /tmp
[2026-09-23T15:40:45.702+0000] {subprocess.py:88} INFO - Running command: ['/usr/bin/bash', '-c', 'cd /opt/airflow/project && PIPELINE_RUN_ID="manual__2026-09-23T15:36:45+00:00" python -m src.cli begin-run']
[2026-09-23T15:40:45.717+0000] {subprocess.py:99} INFO - Output:
[2026-09-23T15:40:47.034+0000] {subprocess.py:106} INFO - [begin-run] run_id=manual__2026-09-23T15:36:45+00:00 recorded in audit.pipeline_runs
[2026-09-23T15:40:47.143+0000] {subprocess.py:110} INFO - Command exited with return code 0
[2026-09-23T15:40:47.178+0000] {taskinstance.py:341} INFO - ::group::Post task execution logs
[2026-09-23T15:40:47.179+0000] {taskinstance.py:353} INFO - Marking task as SUCCESS. dag_id=dss150p_sales_pipeline, task_id=begin_run, run_id=manual__2026-09-23T15:36:45+00:00, execution_date=20260923T153645, start_date=20260923T154045, end_date=20260923T154047
[2026-09-23T15:40:47.246+0000] {local_task_job_runner.py:266} INFO - Task exited with return code 0
[2026-09-23T15:40:47.280+0000] {taskinstance.py:3901} INFO - 1 downstream tasks scheduled from follow-on schedule check
[2026-09-23T15:40:47.283+0000] {local_task_job_runner.py:245} INFO - ::endgroup::
