[2026-09-23T15:38:48.485+0000] {local_task_job_runner.py:123} INFO - ::group::Pre task execution logs
[2026-09-23T15:38:48.503+0000] {taskinstance.py:2614} INFO - Dependencies all met for dep_context=non-requeueable deps ti=<TaskInstance: dss150p_sales_pipeline.begin_run manual__2026-09-23T15:36:45+00:00 [queued]>
[2026-09-23T15:38:48.511+0000] {taskinstance.py:2614} INFO - Dependencies all met for dep_context=requeueable deps ti=<TaskInstance: dss150p_sales_pipeline.begin_run manual__2026-09-23T15:36:45+00:00 [queued]>
[2026-09-23T15:38:48.512+0000] {taskinstance.py:2867} INFO - Starting attempt 3 of 3
[2026-09-23T15:38:48.524+0000] {taskinstance.py:2890} INFO - Executing <Task(BashOperator): begin_run> on 2026-09-23 15:36:45+00:00
[2026-09-23T15:38:48.531+0000] {standard_task_runner.py:72} INFO - Started process 308 to run task
[2026-09-23T15:38:48.534+0000] {standard_task_runner.py:104} INFO - Running: ['airflow', 'tasks', 'run', 'dss150p_sales_pipeline', 'begin_run', 'manual__2026-09-23T15:36:45+00:00', '--job-id', '17', '--raw', '--subdir', 'DAGS_FOLDER/dss150p_pipeline.py', '--cfg-path', '/tmp/tmpk4podv_o']
[2026-09-23T15:38:48.537+0000] {standard_task_runner.py:105} INFO - Job 17: Subtask begin_run
[2026-09-23T15:38:48.605+0000] {task_command.py:467} INFO - Running <TaskInstance: dss150p_sales_pipeline.begin_run manual__2026-09-23T15:36:45+00:00 [running]> on host 549fa4d9275e
[2026-09-23T15:38:48.701+0000] {taskinstance.py:3134} INFO - Exporting env vars: AIRFLOW_CTX_DAG_OWNER='dss150p' AIRFLOW_CTX_DAG_ID='dss150p_sales_pipeline' AIRFLOW_CTX_TASK_ID='begin_run' AIRFLOW_CTX_EXECUTION_DATE='2026-09-23T15:36:45+00:00' AIRFLOW_CTX_TRY_NUMBER='3' AIRFLOW_CTX_DAG_RUN_ID='manual__2026-09-23T15:36:45+00:00'
[2026-09-23T15:38:48.702+0000] {taskinstance.py:732} INFO - ::endgroup::
[2026-09-23T15:38:48.714+0000] {subprocess.py:78} INFO - Tmp dir root location: /tmp
[2026-09-23T15:38:48.716+0000] {subprocess.py:88} INFO - Running command: ['/usr/bin/bash', '-c', 'cd /opt/airflow/project && PIPELINE_RUN_ID="manual__2026-09-23T15:36:45+00:00" python -m src.cli begin-run']
[2026-09-23T15:38:48.731+0000] {subprocess.py:99} INFO - Output:
[2026-09-23T15:38:48.807+0000] {subprocess.py:106} INFO - Traceback (most recent call last):
[2026-09-23T15:38:48.808+0000] {subprocess.py:106} INFO -   File "<frozen runpy>", line 189, in _run_module_as_main
[2026-09-23T15:38:48.809+0000] {subprocess.py:106} INFO -   File "<frozen runpy>", line 159, in _get_module_details
[2026-09-23T15:38:48.810+0000] {subprocess.py:106} INFO -   File "<frozen importlib._bootstrap_external>", line 1074, in get_code
[2026-09-23T15:38:48.811+0000] {subprocess.py:106} INFO -   File "<frozen importlib._bootstrap_external>", line 1004, in source_to_code
[2026-09-23T15:38:48.812+0000] {subprocess.py:106} INFO -   File "<frozen importlib._bootstrap>", line 241, in _call_with_frames_removed
[2026-09-23T15:38:48.813+0000] {subprocess.py:106} INFO -   File "/opt/airflow/project/src/cli.py", line 142
[2026-09-23T15:38:48.814+0000] {subprocess.py:106} INFO -     start_run(run_id)
[2026-09-23T15:38:48.814+0000] {subprocess.py:106} INFO -     ^
[2026-09-23T15:38:48.815+0000] {subprocess.py:106} INFO - IndentationError: expected an indented block after 'if' statement on line 141
[2026-09-23T15:38:48.816+0000] {subprocess.py:110} INFO - Command exited with return code 1
[2026-09-23T15:38:48.829+0000] {taskinstance.py:3313} ERROR - Task failed with exception
Traceback (most recent call last):
  File "/home/airflow/.local/lib/python3.11/site-packages/airflow/models/taskinstance.py", line 763, in _execute_task
    result = _execute_callable(context=context, **execute_callable_kwargs)
             ^^^^^^^^^^^^^^^^^^^^^^^^^^^^^^^^^^^^^^^^^^^^^^^^^^^^^^^^^^^^^
  File "/home/airflow/.local/lib/python3.11/site-packages/airflow/models/taskinstance.py", line 734, in _execute_callable
    return ExecutionCallableRunner(
           ^^^^^^^^^^^^^^^^^^^^^^^^
  File "/home/airflow/.local/lib/python3.11/site-packages/airflow/utils/operator_helpers.py", line 252, in run
    return self.func(*args, **kwargs)
           ^^^^^^^^^^^^^^^^^^^^^^^^^^
  File "/home/airflow/.local/lib/python3.11/site-packages/airflow/models/baseoperator.py", line 424, in wrapper
    return func(self, *args, **kwargs)
           ^^^^^^^^^^^^^^^^^^^^^^^^^^^
  File "/home/airflow/.local/lib/python3.11/site-packages/airflow/operators/bash.py", line 276, in execute
    raise AirflowException(
airflow.exceptions.AirflowException: Bash command failed. The command returned a non-zero exit code 1.
[2026-09-23T15:38:48.834+0000] {taskinstance.py:1226} INFO - Marking task as FAILED. dag_id=dss150p_sales_pipeline, task_id=begin_run, run_id=manual__2026-09-23T15:36:45+00:00, execution_date=20260923T153645, start_date=20260923T153848, end_date=20260923T153848
[2026-09-23T15:38:48.836+0000] {taskinstance.py:1564} INFO - Executing callback at index 0: failure_callback
[2026-09-23T15:38:48.837+0000] {logging_mixin.py:190} INFO - ============================================================
[2026-09-23T15:38:48.838+0000] {logging_mixin.py:190} INFO - TASK FAILED
[2026-09-23T15:38:48.839+0000] {logging_mixin.py:190} INFO -   dag_id:        dss150p_sales_pipeline
[2026-09-23T15:38:48.840+0000] {logging_mixin.py:190} INFO -   task_id:       begin_run
[2026-09-23T15:38:48.841+0000] {logging_mixin.py:190} INFO -   run_id:        manual__2026-09-23T15:36:45+00:00
[2026-09-23T15:38:48.842+0000] {logging_mixin.py:190} INFO -   logical_date:  2026-09-23 15:36:45+00:00
[2026-09-23T15:38:48.843+0000] {logging_mixin.py:190} INFO -   try_number:    3
[2026-09-23T15:38:48.844+0000] {logging_mixin.py:190} INFO -   max_tries:     2
[2026-09-23T15:38:48.845+0000] {logging_mixin.py:190} INFO -   params:        {'run_mode': 'partition', 'year': 2026, 'month': 3}
[2026-09-23T15:38:48.845+0000] {logging_mixin.py:190} INFO - ============================================================
[2026-09-23T15:38:48.874+0000] {taskinstance.py:341} INFO - ::group::Post task execution logs
[2026-09-23T15:38:48.876+0000] {standard_task_runner.py:124} ERROR - Failed to execute job 17 for task begin_run (Bash command failed. The command returned a non-zero exit code 1.; 308)
Traceback (most recent call last):
  File "/home/airflow/.local/lib/python3.11/site-packages/airflow/task/task_runner/standard_task_runner.py", line 117, in _start_by_fork
    ret = args.func(args, dag=self.dag)
          ^^^^^^^^^^^^^^^^^^^^^^^^^^^^^
  File "/home/airflow/.local/lib/python3.11/site-packages/airflow/cli/cli_config.py", line 49, in command
    return func(*args, **kwargs)
           ^^^^^^^^^^^^^^^^^^^^^
  File "/home/airflow/.local/lib/python3.11/site-packages/airflow/utils/cli.py", line 116, in wrapper
    return f(*args, **kwargs)
           ^^^^^^^^^^^^^^^^^^
  File "/home/airflow/.local/lib/python3.11/site-packages/airflow/cli/commands/task_command.py", line 483, in task_run
    task_return_code = _run_task_by_selected_method(args, _dag, ti)
                       ^^^^^^^^^^^^^^^^^^^^^^^^^^^^^^^^^^^^^^^^^^^^
  File "/home/airflow/.local/lib/python3.11/site-packages/airflow/cli/commands/task_command.py", line 256, in _run_task_by_selected_method
    return _run_raw_task(args, ti)
           ^^^^^^^^^^^^^^^^^^^^^^^
  File "/home/airflow/.local/lib/python3.11/site-packages/airflow/cli/commands/task_command.py", line 341, in _run_raw_task
    return ti._run_raw_task(
           ^^^^^^^^^^^^^^^^^
  File "/home/airflow/.local/lib/python3.11/site-packages/airflow/utils/session.py", line 97, in wrapper
    return func(*args, session=session, **kwargs)
           ^^^^^^^^^^^^^^^^^^^^^^^^^^^^^^^^^^^^^^
  File "/home/airflow/.local/lib/python3.11/site-packages/airflow/models/taskinstance.py", line 3006, in _run_raw_task
    return _run_raw_task(
           ^^^^^^^^^^^^^^
  File "/home/airflow/.local/lib/python3.11/site-packages/airflow/models/taskinstance.py", line 274, in _run_raw_task
    TaskInstance._execute_task_with_callbacks(
  File "/home/airflow/.local/lib/python3.11/site-packages/airflow/models/taskinstance.py", line 3161, in _execute_task_with_callbacks
    result = self._execute_task(context, task_orig)
             ^^^^^^^^^^^^^^^^^^^^^^^^^^^^^^^^^^^^^^
  File "/home/airflow/.local/lib/python3.11/site-packages/airflow/models/taskinstance.py", line 3185, in _execute_task
    return _execute_task(self, context, task_orig)
           ^^^^^^^^^^^^^^^^^^^^^^^^^^^^^^^^^^^^^^^
  File "/home/airflow/.local/lib/python3.11/site-packages/airflow/models/taskinstance.py", line 763, in _execute_task
    result = _execute_callable(context=context, **execute_callable_kwargs)
             ^^^^^^^^^^^^^^^^^^^^^^^^^^^^^^^^^^^^^^^^^^^^^^^^^^^^^^^^^^^^^
  File "/home/airflow/.local/lib/python3.11/site-packages/airflow/models/taskinstance.py", line 734, in _execute_callable
    return ExecutionCallableRunner(
           ^^^^^^^^^^^^^^^^^^^^^^^^
  File "/home/airflow/.local/lib/python3.11/site-packages/airflow/utils/operator_helpers.py", line 252, in run
    return self.func(*args, **kwargs)
           ^^^^^^^^^^^^^^^^^^^^^^^^^^
  File "/home/airflow/.local/lib/python3.11/site-packages/airflow/models/baseoperator.py", line 424, in wrapper
    return func(self, *args, **kwargs)
           ^^^^^^^^^^^^^^^^^^^^^^^^^^^
  File "/home/airflow/.local/lib/python3.11/site-packages/airflow/operators/bash.py", line 276, in execute
    raise AirflowException(
airflow.exceptions.AirflowException: Bash command failed. The command returned a non-zero exit code 1.
[2026-09-23T15:38:48.909+0000] {local_task_job_runner.py:266} INFO - Task exited with return code 1
[2026-09-23T15:38:48.936+0000] {taskinstance.py:3901} INFO - 0 downstream tasks scheduled from follow-on schedule check
[2026-09-23T15:38:48.941+0000] {local_task_job_runner.py:245} INFO - ::endgroup::
