[2026-09-23T15:37:46.954+0000] {local_task_job_runner.py:123} INFO - ::group::Pre task execution logs
[2026-09-23T15:37:46.971+0000] {taskinstance.py:2614} INFO - Dependencies all met for dep_context=non-requeueable deps ti=<TaskInstance: dss150p_sales_pipeline.begin_run manual__2026-09-23T15:36:45+00:00 [queued]>
[2026-09-23T15:37:46.979+0000] {taskinstance.py:2614} INFO - Dependencies all met for dep_context=requeueable deps ti=<TaskInstance: dss150p_sales_pipeline.begin_run manual__2026-09-23T15:36:45+00:00 [queued]>
[2026-09-23T15:37:46.981+0000] {taskinstance.py:2867} INFO - Starting attempt 2 of 3
[2026-09-23T15:37:46.992+0000] {taskinstance.py:2890} INFO - Executing <Task(BashOperator): begin_run> on 2026-09-23 15:36:45+00:00
[2026-09-23T15:37:46.998+0000] {standard_task_runner.py:72} INFO - Started process 272 to run task
[2026-09-23T15:37:47.002+0000] {standard_task_runner.py:104} INFO - Running: ['airflow', 'tasks', 'run', 'dss150p_sales_pipeline', 'begin_run', 'manual__2026-09-23T15:36:45+00:00', '--job-id', '16', '--raw', '--subdir', 'DAGS_FOLDER/dss150p_pipeline.py', '--cfg-path', '/tmp/tmph5pblqrp']
[2026-09-23T15:37:47.005+0000] {standard_task_runner.py:105} INFO - Job 16: Subtask begin_run
[2026-09-23T15:37:47.062+0000] {task_command.py:467} INFO - Running <TaskInstance: dss150p_sales_pipeline.begin_run manual__2026-09-23T15:36:45+00:00 [running]> on host 549fa4d9275e
[2026-09-23T15:37:47.160+0000] {taskinstance.py:3134} INFO - Exporting env vars: AIRFLOW_CTX_DAG_OWNER='dss150p' AIRFLOW_CTX_DAG_ID='dss150p_sales_pipeline' AIRFLOW_CTX_TASK_ID='begin_run' AIRFLOW_CTX_EXECUTION_DATE='2026-09-23T15:36:45+00:00' AIRFLOW_CTX_TRY_NUMBER='2' AIRFLOW_CTX_DAG_RUN_ID='manual__2026-09-23T15:36:45+00:00'
[2026-09-23T15:37:47.161+0000] {taskinstance.py:732} INFO - ::endgroup::
[2026-09-23T15:37:47.173+0000] {subprocess.py:78} INFO - Tmp dir root location: /tmp
[2026-09-23T15:37:47.175+0000] {subprocess.py:88} INFO - Running command: ['/usr/bin/bash', '-c', 'cd /opt/airflow/project && PIPELINE_RUN_ID="manual__2026-09-23T15:36:45+00:00" python -m src.cli begin-run']
[2026-09-23T15:37:47.186+0000] {subprocess.py:99} INFO - Output:
[2026-09-23T15:37:47.257+0000] {subprocess.py:106} INFO - Traceback (most recent call last):
[2026-09-23T15:37:47.258+0000] {subprocess.py:106} INFO -   File "<frozen runpy>", line 189, in _run_module_as_main
[2026-09-23T15:37:47.259+0000] {subprocess.py:106} INFO -   File "<frozen runpy>", line 159, in _get_module_details
[2026-09-23T15:37:47.259+0000] {subprocess.py:106} INFO -   File "<frozen importlib._bootstrap_external>", line 1074, in get_code
[2026-09-23T15:37:47.260+0000] {subprocess.py:106} INFO -   File "<frozen importlib._bootstrap_external>", line 1004, in source_to_code
[2026-09-23T15:37:47.261+0000] {subprocess.py:106} INFO -   File "<frozen importlib._bootstrap>", line 241, in _call_with_frames_removed
[2026-09-23T15:37:47.262+0000] {subprocess.py:106} INFO -   File "/opt/airflow/project/src/cli.py", line 142
[2026-09-23T15:37:47.263+0000] {subprocess.py:106} INFO -     start_run(run_id)
[2026-09-23T15:37:47.264+0000] {subprocess.py:106} INFO -     ^
[2026-09-23T15:37:47.264+0000] {subprocess.py:106} INFO - IndentationError: expected an indented block after 'if' statement on line 141
[2026-09-23T15:37:47.265+0000] {subprocess.py:110} INFO - Command exited with return code 1
[2026-09-23T15:37:47.278+0000] {taskinstance.py:3313} ERROR - Task failed with exception
Traceback (most recent call last):
  File "/home/airflow/.local/lib/python3.11/site-packages/airflow/models/taskinstance.py", line 763, in _execute_task
    result = _execute_callable(context=context, **execute_callable_kwargs)
             ^^^^^^^^^^^^^^^^^^^^^^^^^^^^^^^^^^^^^^^^^^^^^^^^^^^^^^^^^^^^^
  File "/home/airflow/.local/lib/python3.11/site-packages/airflow/models/taskinstance.py", line 734, in _execute_callable
    return ExecutionCallableRunner(
           ^^^^^^^^^^^^^^^^^^^^^^^^
  File "/home/airflow/.local/lib/python3.11/site-packages/airflow/utils/operator_helpers.py", line 252, in run
    return self.func(*args, **kwargs)
           ^^^^^^^^^^^^^^^^^^^^^^^^^^
  File "/home/airflow/.local/lib/python3.11/site-packages/airflow/models/baseoperator.py", line 424, in wrapper
    return func(self, *args, **kwargs)
           ^^^^^^^^^^^^^^^^^^^^^^^^^^^
  File "/home/airflow/.local/lib/python3.11/site-packages/airflow/operators/bash.py", line 276, in execute
    raise AirflowException(
airflow.exceptions.AirflowException: Bash command failed. The command returned a non-zero exit code 1.
[2026-09-23T15:37:47.285+0000] {taskinstance.py:1226} INFO - Marking task as UP_FOR_RETRY. dag_id=dss150p_sales_pipeline, task_id=begin_run, run_id=manual__2026-09-23T15:36:45+00:00, execution_date=20260923T153645, start_date=20260923T153746, end_date=20260923T153747
[2026-09-23T15:37:47.316+0000] {taskinstance.py:341} INFO - ::group::Post task execution logs
[2026-09-23T15:37:47.318+0000] {standard_task_runner.py:124} ERROR - Failed to execute job 16 for task begin_run (Bash command failed. The command returned a non-zero exit code 1.; 272)
Traceback (most recent call last):
  File "/home/airflow/.local/lib/python3.11/site-packages/airflow/task/task_runner/standard_task_runner.py", line 117, in _start_by_fork
    ret = args.func(args, dag=self.dag)
          ^^^^^^^^^^^^^^^^^^^^^^^^^^^^^
  File "/home/airflow/.local/lib/python3.11/site-packages/airflow/cli/cli_config.py", line 49, in command
    return func(*args, **kwargs)
           ^^^^^^^^^^^^^^^^^^^^^
  File "/home/airflow/.local/lib/python3.11/site-packages/airflow/utils/cli.py", line 116, in wrapper
    return f(*args, **kwargs)
           ^^^^^^^^^^^^^^^^^^
  File "/home/airflow/.local/lib/python3.11/site-packages/airflow/cli/commands/task_command.py", line 483, in task_run
    task_return_code = _run_task_by_selected_method(args, _dag, ti)
                       ^^^^^^^^^^^^^^^^^^^^^^^^^^^^^^^^^^^^^^^^^^^^
  File "/home/airflow/.local/lib/python3.11/site-packages/airflow/cli/commands/task_command.py", line 256, in _run_task_by_selected_method
    return _run_raw_task(args, ti)
           ^^^^^^^^^^^^^^^^^^^^^^^
  File "/home/airflow/.local/lib/python3.11/site-packages/airflow/cli/commands/task_command.py", line 341, in _run_raw_task
    return ti._run_raw_task(
           ^^^^^^^^^^^^^^^^^
  File "/home/airflow/.local/lib/python3.11/site-packages/airflow/utils/session.py", line 97, in wrapper
    return func(*args, session=session, **kwargs)
           ^^^^^^^^^^^^^^^^^^^^^^^^^^^^^^^^^^^^^^
  File "/home/airflow/.local/lib/python3.11/site-packages/airflow/models/taskinstance.py", line 3006, in _run_raw_task
    return _run_raw_task(
           ^^^^^^^^^^^^^^
  File "/home/airflow/.local/lib/python3.11/site-packages/airflow/models/taskinstance.py", line 274, in _run_raw_task
    TaskInstance._execute_task_with_callbacks(
  File "/home/airflow/.local/lib/python3.11/site-packages/airflow/models/taskinstance.py", line 3161, in _execute_task_with_callbacks
    result = self._execute_task(context, task_orig)
             ^^^^^^^^^^^^^^^^^^^^^^^^^^^^^^^^^^^^^^
  File "/home/airflow/.local/lib/python3.11/site-packages/airflow/models/taskinstance.py", line 3185, in _execute_task
    return _execute_task(self, context, task_orig)
           ^^^^^^^^^^^^^^^^^^^^^^^^^^^^^^^^^^^^^^^
  File "/home/airflow/.local/lib/python3.11/site-packages/airflow/models/taskinstance.py", line 763, in _execute_task
    result = _execute_callable(context=context, **execute_callable_kwargs)
             ^^^^^^^^^^^^^^^^^^^^^^^^^^^^^^^^^^^^^^^^^^^^^^^^^^^^^^^^^^^^^
  File "/home/airflow/.local/lib/python3.11/site-packages/airflow/models/taskinstance.py", line 734, in _execute_callable
    return ExecutionCallableRunner(
           ^^^^^^^^^^^^^^^^^^^^^^^^
  File "/home/airflow/.local/lib/python3.11/site-packages/airflow/utils/operator_helpers.py", line 252, in run
    return self.func(*args, **kwargs)
           ^^^^^^^^^^^^^^^^^^^^^^^^^^
  File "/home/airflow/.local/lib/python3.11/site-packages/airflow/models/baseoperator.py", line 424, in wrapper
    return func(self, *args, **kwargs)
           ^^^^^^^^^^^^^^^^^^^^^^^^^^^
  File "/home/airflow/.local/lib/python3.11/site-packages/airflow/operators/bash.py", line 276, in execute
    raise AirflowException(
airflow.exceptions.AirflowException: Bash command failed. The command returned a non-zero exit code 1.
[2026-09-23T15:37:47.336+0000] {local_task_job_runner.py:266} INFO - Task exited with return code 1
[2026-09-23T15:37:47.360+0000] {taskinstance.py:3901} INFO - 0 downstream tasks scheduled from follow-on schedule check
[2026-09-23T15:37:47.363+0000] {local_task_job_runner.py:245} INFO - ::endgroup::
