[2026-09-23T15:41:04.697+0000] {local_task_job_runner.py:123} INFO - ::group::Pre task execution logs
[2026-09-23T15:41:04.720+0000] {taskinstance.py:2614} INFO - Dependencies all met for dep_context=non-requeueable deps ti=<TaskInstance: dss150p_sales_pipeline.end_run manual__2026-09-23T15:36:45+00:00 [queued]>
[2026-09-23T15:41:04.730+0000] {taskinstance.py:2614} INFO - Dependencies all met for dep_context=requeueable deps ti=<TaskInstance: dss150p_sales_pipeline.end_run manual__2026-09-23T15:36:45+00:00 [queued]>
[2026-09-23T15:41:04.731+0000] {taskinstance.py:2867} INFO - Starting attempt 1 of 3
[2026-09-23T15:41:04.743+0000] {taskinstance.py:2890} INFO - Executing <Task(BashOperator): end_run> on 2026-09-23 15:36:45+00:00
[2026-09-23T15:41:04.749+0000] {standard_task_runner.py:72} INFO - Started process 587 to run task
[2026-09-23T15:41:04.752+0000] {standard_task_runner.py:104} INFO - Running: ['airflow', 'tasks', 'run', 'dss150p_sales_pipeline', 'end_run', 'manual__2026-09-23T15:36:45+00:00', '--job-id', '30', '--raw', '--subdir', 'DAGS_FOLDER/dss150p_pipeline.py', '--cfg-path', '/tmp/tmpd2hxlrqu']
[2026-09-23T15:41:04.755+0000] {standard_task_runner.py:105} INFO - Job 30: Subtask end_run
[2026-09-23T15:41:04.814+0000] {task_command.py:467} INFO - Running <TaskInstance: dss150p_sales_pipeline.end_run manual__2026-09-23T15:36:45+00:00 [running]> on host 549fa4d9275e
[2026-09-23T15:41:04.911+0000] {taskinstance.py:3134} INFO - Exporting env vars: AIRFLOW_CTX_DAG_OWNER='dss150p' AIRFLOW_CTX_DAG_ID='dss150p_sales_pipeline' AIRFLOW_CTX_TASK_ID='end_run' AIRFLOW_CTX_EXECUTION_DATE='2026-09-23T15:36:45+00:00' AIRFLOW_CTX_TRY_NUMBER='1' AIRFLOW_CTX_DAG_RUN_ID='manual__2026-09-23T15:36:45+00:00'
[2026-09-23T15:41:04.913+0000] {taskinstance.py:732} INFO - ::endgroup::
[2026-09-23T15:41:04.925+0000] {subprocess.py:78} INFO - Tmp dir root location: /tmp
[2026-09-23T15:41:04.927+0000] {subprocess.py:88} INFO - Running command: ['/usr/bin/bash', '-c', 'cd /opt/airflow/project && PIPELINE_RUN_ID="manual__2026-09-23T15:36:45+00:00" python -m src.cli end-run']
[2026-09-23T15:41:04.939+0000] {subprocess.py:99} INFO - Output:
[2026-09-23T15:41:06.507+0000] {subprocess.py:106} INFO - [end-run] run_id=manual__2026-09-23T15:36:45+00:00 marked SUCCESS (staging=49998, curated=49897, quarantined=3)
[2026-09-23T15:41:06.660+0000] {subprocess.py:110} INFO - Command exited with return code 0
[2026-09-23T15:41:06.695+0000] {taskinstance.py:341} INFO - ::group::Post task execution logs
[2026-09-23T15:41:06.696+0000] {taskinstance.py:353} INFO - Marking task as SUCCESS. dag_id=dss150p_sales_pipeline, task_id=end_run, run_id=manual__2026-09-23T15:36:45+00:00, execution_date=20260923T153645, start_date=20260923T154104, end_date=20260923T154106
[2026-09-23T15:41:06.737+0000] {local_task_job_runner.py:266} INFO - Task exited with return code 0
[2026-09-23T15:41:06.755+0000] {taskinstance.py:3901} INFO - 0 downstream tasks scheduled from follow-on schedule check
[2026-09-23T15:41:06.759+0000] {local_task_job_runner.py:245} INFO - ::endgroup::
