[2026-09-23T15:27:21.894+0000] {local_task_job_runner.py:123} INFO - ::group::Pre task execution logs
[2026-09-23T15:27:21.916+0000] {taskinstance.py:2614} INFO - Dependencies all met for dep_context=non-requeueable deps ti=<TaskInstance: dss150p_sales_pipeline.transform scheduled__2026-09-22T02:00:00+00:00 [queued]>
[2026-09-23T15:27:21.924+0000] {taskinstance.py:2614} INFO - Dependencies all met for dep_context=requeueable deps ti=<TaskInstance: dss150p_sales_pipeline.transform scheduled__2026-09-22T02:00:00+00:00 [queued]>
[2026-09-23T15:27:21.925+0000] {taskinstance.py:2867} INFO - Starting attempt 1 of 3
[2026-09-23T15:27:21.937+0000] {taskinstance.py:2890} INFO - Executing <Task(BashOperator): transform> on 2026-09-22 02:00:00+00:00
[2026-09-23T15:27:21.948+0000] {standard_task_runner.py:72} INFO - Started process 205 to run task
[2026-09-23T15:27:21.952+0000] {standard_task_runner.py:104} INFO - Running: ['airflow', 'tasks', 'run', 'dss150p_sales_pipeline', 'transform', 'scheduled__2026-09-22T02:00:00+00:00', '--job-id', '4', '--raw', '--subdir', 'DAGS_FOLDER/dss150p_pipeline.py', '--cfg-path', '/tmp/tmptu5si1qk']
[2026-09-23T15:27:21.956+0000] {standard_task_runner.py:105} INFO - Job 4: Subtask transform
[2026-09-23T15:27:22.014+0000] {task_command.py:467} INFO - Running <TaskInstance: dss150p_sales_pipeline.transform scheduled__2026-09-22T02:00:00+00:00 [running]> on host 549fa4d9275e
[2026-09-23T15:27:22.185+0000] {taskinstance.py:3134} INFO - Exporting env vars: AIRFLOW_CTX_DAG_OWNER='dss150p' AIRFLOW_CTX_DAG_ID='dss150p_sales_pipeline' AIRFLOW_CTX_TASK_ID='transform' AIRFLOW_CTX_EXECUTION_DATE='2026-09-22T02:00:00+00:00' AIRFLOW_CTX_TRY_NUMBER='1' AIRFLOW_CTX_DAG_RUN_ID='scheduled__2026-09-22T02:00:00+00:00'
[2026-09-23T15:27:22.195+0000] {taskinstance.py:732} INFO - ::endgroup::
[2026-09-23T15:27:22.211+0000] {subprocess.py:78} INFO - Tmp dir root location: /tmp
[2026-09-23T15:27:22.215+0000] {subprocess.py:88} INFO - Running command: ['/usr/bin/bash', '-c', 'cd /opt/airflow/project && PIPELINE_RUN_ID="scheduled__2026-09-22T02:00:00+00:00" python -m src.cli transform']
[2026-09-23T15:27:22.225+0000] {subprocess.py:99} INFO - Output:
[2026-09-23T15:27:27.468+0000] {subprocess.py:106} INFO -   customers rows: 3000
[2026-09-23T15:27:27.470+0000] {subprocess.py:106} INFO -   products rows:  599
[2026-09-23T15:27:27.471+0000] {subprocess.py:106} INFO -   orders rows:    49998
[2026-09-23T15:27:27.472+0000] {subprocess.py:106} INFO -   quarantine rows: 3
[2026-09-23T15:27:27.473+0000] {subprocess.py:106} INFO -   curated rows:    49897
[2026-09-23T15:27:27.473+0000] {subprocess.py:106} INFO -   quarantine rows: 104
[2026-09-23T15:27:27.554+0000] {subprocess.py:110} INFO - Command exited with return code 0
[2026-09-23T15:27:27.583+0000] {taskinstance.py:341} INFO - ::group::Post task execution logs
[2026-09-23T15:27:27.584+0000] {taskinstance.py:353} INFO - Marking task as SUCCESS. dag_id=dss150p_sales_pipeline, task_id=transform, run_id=scheduled__2026-09-22T02:00:00+00:00, execution_date=20260922T020000, start_date=20260923T152721, end_date=20260923T152727
[2026-09-23T15:27:27.627+0000] {local_task_job_runner.py:266} INFO - Task exited with return code 0
[2026-09-23T15:27:27.669+0000] {taskinstance.py:3901} INFO - 1 downstream tasks scheduled from follow-on schedule check
[2026-09-23T15:27:27.672+0000] {local_task_job_runner.py:245} INFO - ::endgroup::
[2026-09-23T15:52:41.370+0000] {local_task_job_runner.py:123} INFO - ::group::Pre task execution logs
[2026-09-23T15:52:41.396+0000] {taskinstance.py:2614} INFO - Dependencies all met for dep_context=non-requeueable deps ti=<TaskInstance: dss150p_sales_pipeline.transform scheduled__2026-09-22T02:00:00+00:00 [queued]>
[2026-09-23T15:52:41.406+0000] {taskinstance.py:2614} INFO - Dependencies all met for dep_context=requeueable deps ti=<TaskInstance: dss150p_sales_pipeline.transform scheduled__2026-09-22T02:00:00+00:00 [queued]>
[2026-09-23T15:52:41.408+0000] {taskinstance.py:2867} INFO - Starting attempt 1 of 3
[2026-09-23T15:52:41.425+0000] {taskinstance.py:2890} INFO - Executing <Task(BashOperator): transform> on 2026-09-22 02:00:00+00:00
[2026-09-23T15:52:41.432+0000] {standard_task_runner.py:72} INFO - Started process 240 to run task
[2026-09-23T15:52:41.435+0000] {standard_task_runner.py:104} INFO - Running: ['airflow', 'tasks', 'run', 'dss150p_sales_pipeline', 'transform', 'scheduled__2026-09-22T02:00:00+00:00', '--job-id', '4', '--raw', '--subdir', 'DAGS_FOLDER/dss150p_pipeline.py', '--cfg-path', '/tmp/tmp1odqtok4']
[2026-09-23T15:52:41.439+0000] {standard_task_runner.py:105} INFO - Job 4: Subtask transform
[2026-09-23T15:52:41.507+0000] {task_command.py:467} INFO - Running <TaskInstance: dss150p_sales_pipeline.transform scheduled__2026-09-22T02:00:00+00:00 [running]> on host a54d77175d05
[2026-09-23T15:52:41.597+0000] {taskinstance.py:3134} INFO - Exporting env vars: AIRFLOW_CTX_DAG_OWNER='dss150p' AIRFLOW_CTX_DAG_ID='dss150p_sales_pipeline' AIRFLOW_CTX_TASK_ID='transform' AIRFLOW_CTX_EXECUTION_DATE='2026-09-22T02:00:00+00:00' AIRFLOW_CTX_TRY_NUMBER='1' AIRFLOW_CTX_DAG_RUN_ID='scheduled__2026-09-22T02:00:00+00:00'
[2026-09-23T15:52:41.599+0000] {taskinstance.py:732} INFO - ::endgroup::
[2026-09-23T15:52:41.610+0000] {subprocess.py:78} INFO - Tmp dir root location: /tmp
[2026-09-23T15:52:41.612+0000] {subprocess.py:88} INFO - Running command: ['/usr/bin/bash', '-c', 'cd /opt/airflow/project && PIPELINE_RUN_ID="scheduled__2026-09-22T02:00:00+00:00" python -m src.cli transform']
[2026-09-23T15:52:41.622+0000] {subprocess.py:99} INFO - Output:
[2026-09-23T15:52:46.945+0000] {subprocess.py:106} INFO -   customers rows: 3000
[2026-09-23T15:52:46.946+0000] {subprocess.py:106} INFO -   products rows:  599
[2026-09-23T15:52:46.948+0000] {subprocess.py:106} INFO -   orders rows:    49998
[2026-09-23T15:52:46.949+0000] {subprocess.py:106} INFO -   quarantine rows: 3
[2026-09-23T15:52:46.950+0000] {subprocess.py:106} INFO -   curated rows:    49897
[2026-09-23T15:52:46.951+0000] {subprocess.py:106} INFO -   quarantine rows: 104
[2026-09-23T15:52:47.045+0000] {subprocess.py:110} INFO - Command exited with return code 0
[2026-09-23T15:52:47.072+0000] {taskinstance.py:341} INFO - ::group::Post task execution logs
[2026-09-23T15:52:47.074+0000] {taskinstance.py:353} INFO - Marking task as SUCCESS. dag_id=dss150p_sales_pipeline, task_id=transform, run_id=scheduled__2026-09-22T02:00:00+00:00, execution_date=20260922T020000, start_date=20260923T155241, end_date=20260923T155247
[2026-09-23T15:52:47.153+0000] {local_task_job_runner.py:266} INFO - Task exited with return code 0
[2026-09-23T15:52:47.178+0000] {taskinstance.py:3901} INFO - 1 downstream tasks scheduled from follow-on schedule check
[2026-09-23T15:52:47.181+0000] {local_task_job_runner.py:245} INFO - ::endgroup::
