[2026-09-23T15:40:50.578+0000] {local_task_job_runner.py:123} INFO - ::group::Pre task execution logs
[2026-09-23T15:40:50.611+0000] {taskinstance.py:2614} INFO - Dependencies all met for dep_context=non-requeueable deps ti=<TaskInstance: dss150p_sales_pipeline.transform manual__2026-09-23T15:27:34+00:00 [queued]>
[2026-09-23T15:40:50.627+0000] {taskinstance.py:2614} INFO - Dependencies all met for dep_context=requeueable deps ti=<TaskInstance: dss150p_sales_pipeline.transform manual__2026-09-23T15:27:34+00:00 [queued]>
[2026-09-23T15:40:50.629+0000] {taskinstance.py:2867} INFO - Starting attempt 2 of 4
[2026-09-23T15:40:50.646+0000] {taskinstance.py:2890} INFO - Executing <Task(BashOperator): transform> on 2026-09-23 15:27:34+00:00
[2026-09-23T15:40:50.656+0000] {standard_task_runner.py:72} INFO - Started process 436 to run task
[2026-09-23T15:40:50.660+0000] {standard_task_runner.py:104} INFO - Running: ['airflow', 'tasks', 'run', 'dss150p_sales_pipeline', 'transform', 'manual__2026-09-23T15:27:34+00:00', '--job-id', '24', '--raw', '--subdir', 'DAGS_FOLDER/dss150p_pipeline.py', '--cfg-path', '/tmp/tmptd1h2gf3']
[2026-09-23T15:40:50.664+0000] {standard_task_runner.py:105} INFO - Job 24: Subtask transform
[2026-09-23T15:40:50.734+0000] {task_command.py:467} INFO - Running <TaskInstance: dss150p_sales_pipeline.transform manual__2026-09-23T15:27:34+00:00 [running]> on host 549fa4d9275e
[2026-09-23T15:40:50.830+0000] {taskinstance.py:3134} INFO - Exporting env vars: AIRFLOW_CTX_DAG_OWNER='dss150p' AIRFLOW_CTX_DAG_ID='dss150p_sales_pipeline' AIRFLOW_CTX_TASK_ID='transform' AIRFLOW_CTX_EXECUTION_DATE='2026-09-23T15:27:34+00:00' AIRFLOW_CTX_TRY_NUMBER='2' AIRFLOW_CTX_DAG_RUN_ID='manual__2026-09-23T15:27:34+00:00'
[2026-09-23T15:40:50.832+0000] {taskinstance.py:732} INFO - ::endgroup::
[2026-09-23T15:40:50.843+0000] {subprocess.py:78} INFO - Tmp dir root location: /tmp
[2026-09-23T15:40:50.845+0000] {subprocess.py:88} INFO - Running command: ['/usr/bin/bash', '-c', 'cd /opt/airflow/project && PIPELINE_RUN_ID="manual__2026-09-23T15:27:34+00:00" python -m src.cli transform']
[2026-09-23T15:40:50.858+0000] {subprocess.py:99} INFO - Output:
[2026-09-23T15:40:56.738+0000] {subprocess.py:106} INFO -   customers rows: 3000
[2026-09-23T15:40:56.742+0000] {subprocess.py:106} INFO -   products rows:  599
[2026-09-23T15:40:56.744+0000] {subprocess.py:106} INFO -   orders rows:    49998
[2026-09-23T15:40:56.745+0000] {subprocess.py:106} INFO -   quarantine rows: 3
[2026-09-23T15:40:56.748+0000] {subprocess.py:106} INFO -   curated rows:    49897
[2026-09-23T15:40:56.750+0000] {subprocess.py:106} INFO -   quarantine rows: 104
[2026-09-23T15:40:56.926+0000] {subprocess.py:110} INFO - Command exited with return code 0
[2026-09-23T15:40:56.979+0000] {taskinstance.py:341} INFO - ::group::Post task execution logs
[2026-09-23T15:40:56.980+0000] {taskinstance.py:353} INFO - Marking task as SUCCESS. dag_id=dss150p_sales_pipeline, task_id=transform, run_id=manual__2026-09-23T15:27:34+00:00, execution_date=20260923T152734, start_date=20260923T154050, end_date=20260923T154056
[2026-09-23T15:40:57.025+0000] {local_task_job_runner.py:266} INFO - Task exited with return code 0
[2026-09-23T15:40:57.057+0000] {taskinstance.py:3901} INFO - 1 downstream tasks scheduled from follow-on schedule check
[2026-09-23T15:40:57.059+0000] {local_task_job_runner.py:245} INFO - ::endgroup::
