[2026-09-23T15:27:44.127+0000] {local_task_job_runner.py:123} INFO - ::group::Pre task execution logs
[2026-09-23T15:27:44.147+0000] {taskinstance.py:2614} INFO - Dependencies all met for dep_context=non-requeueable deps ti=<TaskInstance: dss150p_sales_pipeline.choose_load_branch manual__2026-09-23T15:27:34+00:00 [queued]>
[2026-09-23T15:27:44.155+0000] {taskinstance.py:2614} INFO - Dependencies all met for dep_context=requeueable deps ti=<TaskInstance: dss150p_sales_pipeline.choose_load_branch manual__2026-09-23T15:27:34+00:00 [queued]>
[2026-09-23T15:27:44.156+0000] {taskinstance.py:2867} INFO - Starting attempt 1 of 3
[2026-09-23T15:27:44.167+0000] {taskinstance.py:2890} INFO - Executing <Task(BranchPythonOperator): choose_load_branch> on 2026-09-23 15:27:34+00:00
[2026-09-23T15:27:44.172+0000] {standard_task_runner.py:72} INFO - Started process 342 to run task
[2026-09-23T15:27:44.175+0000] {standard_task_runner.py:104} INFO - Running: ['airflow', 'tasks', 'run', 'dss150p_sales_pipeline', 'choose_load_branch', 'manual__2026-09-23T15:27:34+00:00', '--job-id', '10', '--raw', '--subdir', 'DAGS_FOLDER/dss150p_pipeline.py', '--cfg-path', '/tmp/tmpj789bk_6']
[2026-09-23T15:27:44.178+0000] {standard_task_runner.py:105} INFO - Job 10: Subtask choose_load_branch
[2026-09-23T15:27:44.254+0000] {task_command.py:467} INFO - Running <TaskInstance: dss150p_sales_pipeline.choose_load_branch manual__2026-09-23T15:27:34+00:00 [running]> on host 549fa4d9275e
[2026-09-23T15:27:44.371+0000] {taskinstance.py:3134} INFO - Exporting env vars: AIRFLOW_CTX_DAG_OWNER='dss150p' AIRFLOW_CTX_DAG_ID='dss150p_sales_pipeline' AIRFLOW_CTX_TASK_ID='choose_load_branch' AIRFLOW_CTX_EXECUTION_DATE='2026-09-23T15:27:34+00:00' AIRFLOW_CTX_TRY_NUMBER='1' AIRFLOW_CTX_DAG_RUN_ID='manual__2026-09-23T15:27:34+00:00'
[2026-09-23T15:27:44.373+0000] {taskinstance.py:732} INFO - ::endgroup::
[2026-09-23T15:27:44.384+0000] {baseoperator.py:423} WARNING - BranchPythonOperator.execute cannot be called outside TaskInstance!
[2026-09-23T15:27:44.385+0000] {python.py:240} INFO - Done. Returned value was: load_full
[2026-09-23T15:27:44.386+0000] {branch.py:38} INFO - Branch into load_full
[2026-09-23T15:27:44.387+0000] {skipmixin.py:233} INFO - Following branch ('load_full',)
[2026-09-23T15:27:44.399+0000] {skipmixin.py:281} INFO - Skipping tasks [('load_partition', -1)]
[2026-09-23T15:27:44.429+0000] {taskinstance.py:341} INFO - ::group::Post task execution logs
[2026-09-23T15:27:44.430+0000] {taskinstance.py:353} INFO - Marking task as SUCCESS. dag_id=dss150p_sales_pipeline, task_id=choose_load_branch, run_id=manual__2026-09-23T15:27:34+00:00, execution_date=20260923T152734, start_date=20260923T152744, end_date=20260923T152744
[2026-09-23T15:27:44.510+0000] {local_task_job_runner.py:266} INFO - Task exited with return code 0
[2026-09-23T15:27:44.535+0000] {taskinstance.py:3901} INFO - 1 downstream tasks scheduled from follow-on schedule check
[2026-09-23T15:27:44.537+0000] {local_task_job_runner.py:245} INFO - ::endgroup::
