[2026-09-23T15:40:57.878+0000] {local_task_job_runner.py:123} INFO - ::group::Pre task execution logs
[2026-09-23T15:40:57.907+0000] {taskinstance.py:2614} INFO - Dependencies all met for dep_context=non-requeueable deps ti=<TaskInstance: dss150p_sales_pipeline.choose_load_branch manual__2026-09-23T15:36:45+00:00 [queued]>
[2026-09-23T15:40:57.920+0000] {taskinstance.py:2614} INFO - Dependencies all met for dep_context=requeueable deps ti=<TaskInstance: dss150p_sales_pipeline.choose_load_branch manual__2026-09-23T15:36:45+00:00 [queued]>
[2026-09-23T15:40:57.922+0000] {taskinstance.py:2867} INFO - Starting attempt 1 of 3
[2026-09-23T15:40:57.937+0000] {taskinstance.py:2890} INFO - Executing <Task(BranchPythonOperator): choose_load_branch> on 2026-09-23 15:36:45+00:00
[2026-09-23T15:40:57.945+0000] {standard_task_runner.py:72} INFO - Started process 497 to run task
[2026-09-23T15:40:57.949+0000] {standard_task_runner.py:104} INFO - Running: ['airflow', 'tasks', 'run', 'dss150p_sales_pipeline', 'choose_load_branch', 'manual__2026-09-23T15:36:45+00:00', '--job-id', '25', '--raw', '--subdir', 'DAGS_FOLDER/dss150p_pipeline.py', '--cfg-path', '/tmp/tmp5tjbirdt']
[2026-09-23T15:40:57.952+0000] {standard_task_runner.py:105} INFO - Job 25: Subtask choose_load_branch
[2026-09-23T15:40:58.017+0000] {task_command.py:467} INFO - Running <TaskInstance: dss150p_sales_pipeline.choose_load_branch manual__2026-09-23T15:36:45+00:00 [running]> on host 549fa4d9275e
[2026-09-23T15:40:58.135+0000] {taskinstance.py:3134} INFO - Exporting env vars: AIRFLOW_CTX_DAG_OWNER='dss150p' AIRFLOW_CTX_DAG_ID='dss150p_sales_pipeline' AIRFLOW_CTX_TASK_ID='choose_load_branch' AIRFLOW_CTX_EXECUTION_DATE='2026-09-23T15:36:45+00:00' AIRFLOW_CTX_TRY_NUMBER='1' AIRFLOW_CTX_DAG_RUN_ID='manual__2026-09-23T15:36:45+00:00'
[2026-09-23T15:40:58.137+0000] {taskinstance.py:732} INFO - ::endgroup::
[2026-09-23T15:40:58.153+0000] {baseoperator.py:423} WARNING - BranchPythonOperator.execute cannot be called outside TaskInstance!
[2026-09-23T15:40:58.155+0000] {python.py:240} INFO - Done. Returned value was: load_partition
[2026-09-23T15:40:58.156+0000] {branch.py:38} INFO - Branch into load_partition
[2026-09-23T15:40:58.158+0000] {skipmixin.py:233} INFO - Following branch ('load_partition',)
[2026-09-23T15:40:58.172+0000] {skipmixin.py:281} INFO - Skipping tasks [('load_full', -1)]
[2026-09-23T15:40:58.206+0000] {taskinstance.py:341} INFO - ::group::Post task execution logs
[2026-09-23T15:40:58.207+0000] {taskinstance.py:353} INFO - Marking task as SUCCESS. dag_id=dss150p_sales_pipeline, task_id=choose_load_branch, run_id=manual__2026-09-23T15:36:45+00:00, execution_date=20260923T153645, start_date=20260923T154057, end_date=20260923T154058
[2026-09-23T15:40:58.285+0000] {local_task_job_runner.py:266} INFO - Task exited with return code 0
[2026-09-23T15:40:58.315+0000] {taskinstance.py:3901} INFO - 1 downstream tasks scheduled from follow-on schedule check
[2026-09-23T15:40:58.318+0000] {local_task_job_runner.py:245} INFO - ::endgroup::
