[2026-09-23T15:52:56.692+0000] {local_task_job_runner.py:123} INFO - ::group::Pre task execution logs
[2026-09-23T15:52:56.717+0000] {taskinstance.py:2614} INFO - Dependencies all met for dep_context=non-requeueable deps ti=<TaskInstance: dss150p_sales_pipeline.load_full manual__2026-09-23T15:52:42+00:00 [queued]>
[2026-09-23T15:52:56.729+0000] {taskinstance.py:2614} INFO - Dependencies all met for dep_context=requeueable deps ti=<TaskInstance: dss150p_sales_pipeline.load_full manual__2026-09-23T15:52:42+00:00 [queued]>
[2026-09-23T15:52:56.730+0000] {taskinstance.py:2867} INFO - Starting attempt 1 of 3
[2026-09-23T15:52:56.744+0000] {taskinstance.py:2890} INFO - Executing <Task(BashOperator): load_full> on 2026-09-23 15:52:42+00:00
[2026-09-23T15:52:56.750+0000] {standard_task_runner.py:72} INFO - Started process 388 to run task
[2026-09-23T15:52:56.754+0000] {standard_task_runner.py:104} INFO - Running: ['airflow', 'tasks', 'run', 'dss150p_sales_pipeline', 'load_full', 'manual__2026-09-23T15:52:42+00:00', '--job-id', '12', '--raw', '--subdir', 'DAGS_FOLDER/dss150p_pipeline.py', '--cfg-path', '/tmp/tmpkoirl4gz']
[2026-09-23T15:52:56.758+0000] {standard_task_runner.py:105} INFO - Job 12: Subtask load_full
[2026-09-23T15:52:56.838+0000] {task_command.py:467} INFO - Running <TaskInstance: dss150p_sales_pipeline.load_full manual__2026-09-23T15:52:42+00:00 [running]> on host a54d77175d05
[2026-09-23T15:52:56.985+0000] {taskinstance.py:3134} INFO - Exporting env vars: AIRFLOW_CTX_DAG_OWNER='dss150p' AIRFLOW_CTX_DAG_ID='dss150p_sales_pipeline' AIRFLOW_CTX_TASK_ID='load_full' AIRFLOW_CTX_EXECUTION_DATE='2026-09-23T15:52:42+00:00' AIRFLOW_CTX_TRY_NUMBER='1' AIRFLOW_CTX_DAG_RUN_ID='manual__2026-09-23T15:52:42+00:00'
[2026-09-23T15:52:56.987+0000] {taskinstance.py:732} INFO - ::endgroup::
[2026-09-23T15:52:57.000+0000] {subprocess.py:78} INFO - Tmp dir root location: /tmp
[2026-09-23T15:52:57.003+0000] {subprocess.py:88} INFO - Running command: ['/usr/bin/bash', '-c', 'cd /opt/airflow/project && PIPELINE_RUN_ID="manual__2026-09-23T15:52:42+00:00" python -m src.cli load']
[2026-09-23T15:52:57.015+0000] {subprocess.py:99} INFO - Output:
[2026-09-23T15:53:01.541+0000] {subprocess.py:106} INFO - [load] run_id=manual__2026-09-23T15:52:42+00:00 rows written (insert+update): 0
[2026-09-23T15:53:01.631+0000] {subprocess.py:110} INFO - Command exited with return code 0
[2026-09-23T15:53:01.660+0000] {taskinstance.py:341} INFO - ::group::Post task execution logs
[2026-09-23T15:53:01.662+0000] {taskinstance.py:353} INFO - Marking task as SUCCESS. dag_id=dss150p_sales_pipeline, task_id=load_full, run_id=manual__2026-09-23T15:52:42+00:00, execution_date=20260923T155242, start_date=20260923T155256, end_date=20260923T155301
[2026-09-23T15:53:01.709+0000] {local_task_job_runner.py:266} INFO - Task exited with return code 0
[2026-09-23T15:53:01.735+0000] {taskinstance.py:3901} INFO - 1 downstream tasks scheduled from follow-on schedule check
[2026-09-23T15:53:01.738+0000] {local_task_job_runner.py:245} INFO - ::endgroup::
