[2026-09-23T15:40:47.802+0000] {local_task_job_runner.py:123} INFO - ::group::Pre task execution logs
[2026-09-23T15:40:47.826+0000] {taskinstance.py:2614} INFO - Dependencies all met for dep_context=non-requeueable deps ti=<TaskInstance: dss150p_sales_pipeline.extract manual__2026-09-23T15:36:45+00:00 [queued]>
[2026-09-23T15:40:47.836+0000] {taskinstance.py:2614} INFO - Dependencies all met for dep_context=requeueable deps ti=<TaskInstance: dss150p_sales_pipeline.extract manual__2026-09-23T15:36:45+00:00 [queued]>
[2026-09-23T15:40:47.837+0000] {taskinstance.py:2867} INFO - Starting attempt 1 of 3
[2026-09-23T15:40:47.850+0000] {taskinstance.py:2890} INFO - Executing <Task(BashOperator): extract> on 2026-09-23 15:36:45+00:00
[2026-09-23T15:40:47.858+0000] {standard_task_runner.py:72} INFO - Started process 410 to run task
[2026-09-23T15:40:47.862+0000] {standard_task_runner.py:104} INFO - Running: ['airflow', 'tasks', 'run', 'dss150p_sales_pipeline', 'extract', 'manual__2026-09-23T15:36:45+00:00', '--job-id', '22', '--raw', '--subdir', 'DAGS_FOLDER/dss150p_pipeline.py', '--cfg-path', '/tmp/tmpbexu2t3a']
[2026-09-23T15:40:47.866+0000] {standard_task_runner.py:105} INFO - Job 22: Subtask extract
[2026-09-23T15:40:47.934+0000] {task_command.py:467} INFO - Running <TaskInstance: dss150p_sales_pipeline.extract manual__2026-09-23T15:36:45+00:00 [running]> on host 549fa4d9275e
[2026-09-23T15:40:48.060+0000] {taskinstance.py:3134} INFO - Exporting env vars: AIRFLOW_CTX_DAG_OWNER='dss150p' AIRFLOW_CTX_DAG_ID='dss150p_sales_pipeline' AIRFLOW_CTX_TASK_ID='extract' AIRFLOW_CTX_EXECUTION_DATE='2026-09-23T15:36:45+00:00' AIRFLOW_CTX_TRY_NUMBER='1' AIRFLOW_CTX_DAG_RUN_ID='manual__2026-09-23T15:36:45+00:00'
[2026-09-23T15:40:48.063+0000] {taskinstance.py:732} INFO - ::endgroup::
[2026-09-23T15:40:48.077+0000] {subprocess.py:78} INFO - Tmp dir root location: /tmp
[2026-09-23T15:40:48.079+0000] {subprocess.py:88} INFO - Running command: ['/usr/bin/bash', '-c', 'cd /opt/airflow/project && PIPELINE_RUN_ID="manual__2026-09-23T15:36:45+00:00" python -m src.cli extract']
[2026-09-23T15:40:48.092+0000] {subprocess.py:99} INFO - Output:
[2026-09-23T15:40:49.521+0000] {subprocess.py:106} INFO - [extract] run_id=manual__2026-09-23T15:36:45+00:00 -> /opt/airflow/project/data/raw/run_id=manual__2026-09-23T15:36:45+00:00
[2026-09-23T15:40:49.635+0000] {subprocess.py:110} INFO - Command exited with return code 0
[2026-09-23T15:40:49.665+0000] {taskinstance.py:341} INFO - ::group::Post task execution logs
[2026-09-23T15:40:49.666+0000] {taskinstance.py:353} INFO - Marking task as SUCCESS. dag_id=dss150p_sales_pipeline, task_id=extract, run_id=manual__2026-09-23T15:36:45+00:00, execution_date=20260923T153645, start_date=20260923T154047, end_date=20260923T154049
[2026-09-23T15:40:49.726+0000] {local_task_job_runner.py:266} INFO - Task exited with return code 0
[2026-09-23T15:40:49.753+0000] {taskinstance.py:3901} INFO - 1 downstream tasks scheduled from follow-on schedule check
[2026-09-23T15:40:49.756+0000] {local_task_job_runner.py:245} INFO - ::endgroup::
