[2026-09-23T15:53:04.499+0000] {local_task_job_runner.py:123} INFO - ::group::Pre task execution logs
[2026-09-23T15:53:04.528+0000] {taskinstance.py:2614} INFO - Dependencies all met for dep_context=non-requeueable deps ti=<TaskInstance: dss150p_sales_pipeline.end_run manual__2026-09-23T15:52:42+00:00 [queued]>
[2026-09-23T15:53:04.539+0000] {taskinstance.py:2614} INFO - Dependencies all met for dep_context=requeueable deps ti=<TaskInstance: dss150p_sales_pipeline.end_run manual__2026-09-23T15:52:42+00:00 [queued]>
[2026-09-23T15:53:04.540+0000] {taskinstance.py:2867} INFO - Starting attempt 1 of 3
[2026-09-23T15:53:04.554+0000] {taskinstance.py:2890} INFO - Executing <Task(BashOperator): end_run> on 2026-09-23 15:52:42+00:00
[2026-09-23T15:53:04.559+0000] {standard_task_runner.py:72} INFO - Started process 473 to run task
[2026-09-23T15:53:04.562+0000] {standard_task_runner.py:104} INFO - Running: ['airflow', 'tasks', 'run', 'dss150p_sales_pipeline', 'end_run', 'manual__2026-09-23T15:52:42+00:00', '--job-id', '15', '--raw', '--subdir', 'DAGS_FOLDER/dss150p_pipeline.py', '--cfg-path', '/tmp/tmpquc5jplt']
[2026-09-23T15:53:04.566+0000] {standard_task_runner.py:105} INFO - Job 15: Subtask end_run
[2026-09-23T15:53:04.628+0000] {task_command.py:467} INFO - Running <TaskInstance: dss150p_sales_pipeline.end_run manual__2026-09-23T15:52:42+00:00 [running]> on host a54d77175d05
[2026-09-23T15:53:04.722+0000] {taskinstance.py:3134} INFO - Exporting env vars: AIRFLOW_CTX_DAG_OWNER='dss150p' AIRFLOW_CTX_DAG_ID='dss150p_sales_pipeline' AIRFLOW_CTX_TASK_ID='end_run' AIRFLOW_CTX_EXECUTION_DATE='2026-09-23T15:52:42+00:00' AIRFLOW_CTX_TRY_NUMBER='1' AIRFLOW_CTX_DAG_RUN_ID='manual__2026-09-23T15:52:42+00:00'
[2026-09-23T15:53:04.724+0000] {taskinstance.py:732} INFO - ::endgroup::
[2026-09-23T15:53:04.738+0000] {subprocess.py:78} INFO - Tmp dir root location: /tmp
[2026-09-23T15:53:04.740+0000] {subprocess.py:88} INFO - Running command: ['/usr/bin/bash', '-c', 'cd /opt/airflow/project && PIPELINE_RUN_ID="manual__2026-09-23T15:52:42+00:00" python -m src.cli end-run']
[2026-09-23T15:53:04.750+0000] {subprocess.py:99} INFO - Output:
[2026-09-23T15:53:06.162+0000] {subprocess.py:106} INFO - [end-run] run_id=manual__2026-09-23T15:52:42+00:00 marked SUCCESS (staging=49998, curated=49897, quarantined=104)
[2026-09-23T15:53:06.306+0000] {subprocess.py:110} INFO - Command exited with return code 0
[2026-09-23T15:53:06.334+0000] {taskinstance.py:341} INFO - ::group::Post task execution logs
[2026-09-23T15:53:06.336+0000] {taskinstance.py:353} INFO - Marking task as SUCCESS. dag_id=dss150p_sales_pipeline, task_id=end_run, run_id=manual__2026-09-23T15:52:42+00:00, execution_date=20260923T155242, start_date=20260923T155304, end_date=20260923T155306
[2026-09-23T15:53:06.384+0000] {local_task_job_runner.py:266} INFO - Task exited with return code 0
[2026-09-23T15:53:06.401+0000] {taskinstance.py:3901} INFO - 0 downstream tasks scheduled from follow-on schedule check
[2026-09-23T15:53:06.404+0000] {local_task_job_runner.py:245} INFO - ::endgroup::
