[2026-09-23T15:40:45.451+0000] {local_task_job_runner.py:123} INFO - ::group::Pre task execution logs
[2026-09-23T15:40:45.473+0000] {taskinstance.py:2614} INFO - Dependencies all met for dep_context=non-requeueable deps ti=<TaskInstance: dss150p_sales_pipeline.begin_run manual__2026-09-23T15:27:34+00:00 [queued]>
[2026-09-23T15:40:45.483+0000] {taskinstance.py:2614} INFO - Dependencies all met for dep_context=requeueable deps ti=<TaskInstance: dss150p_sales_pipeline.begin_run manual__2026-09-23T15:27:34+00:00 [queued]>
[2026-09-23T15:40:45.485+0000] {taskinstance.py:2867} INFO - Starting attempt 1 of 3
[2026-09-23T15:40:45.497+0000] {taskinstance.py:2890} INFO - Executing <Task(BashOperator): begin_run> on 2026-09-23 15:27:34+00:00
[2026-09-23T15:40:45.503+0000] {standard_task_runner.py:72} INFO - Started process 380 to run task
[2026-09-23T15:40:45.511+0000] {standard_task_runner.py:104} INFO - Running: ['airflow', 'tasks', 'run', 'dss150p_sales_pipeline', 'begin_run', 'manual__2026-09-23T15:27:34+00:00', '--job-id', '19', '--raw', '--subdir', 'DAGS_FOLDER/dss150p_pipeline.py', '--cfg-path', '/tmp/tmpu71hh627']
[2026-09-23T15:40:45.514+0000] {standard_task_runner.py:105} INFO - Job 19: Subtask begin_run
[2026-09-23T15:40:45.577+0000] {task_command.py:467} INFO - Running <TaskInstance: dss150p_sales_pipeline.begin_run manual__2026-09-23T15:27:34+00:00 [running]> on host 549fa4d9275e
[2026-09-23T15:40:45.683+0000] {taskinstance.py:3134} INFO - Exporting env vars: AIRFLOW_CTX_DAG_OWNER='dss150p' AIRFLOW_CTX_DAG_ID='dss150p_sales_pipeline' AIRFLOW_CTX_TASK_ID='begin_run' AIRFLOW_CTX_EXECUTION_DATE='2026-09-23T15:27:34+00:00' AIRFLOW_CTX_TRY_NUMBER='1' AIRFLOW_CTX_DAG_RUN_ID='manual__2026-09-23T15:27:34+00:00'
[2026-09-23T15:40:45.685+0000] {taskinstance.py:732} INFO - ::endgroup::
[2026-09-23T15:40:45.697+0000] {subprocess.py:78} INFO - Tmp dir root location: /tmp
[2026-09-23T15:40:45.699+0000] {subprocess.py:88} INFO - Running command: ['/usr/bin/bash', '-c', 'cd /opt/airflow/project && PIPELINE_RUN_ID="manual__2026-09-23T15:27:34+00:00" python -m src.cli begin-run']
[2026-09-23T15:40:45.714+0000] {subprocess.py:99} INFO - Output:
[2026-09-23T15:40:47.053+0000] {subprocess.py:106} INFO - [begin-run] run_id=manual__2026-09-23T15:27:34+00:00 recorded in audit.pipeline_runs
[2026-09-23T15:40:47.169+0000] {subprocess.py:110} INFO - Command exited with return code 0
[2026-09-23T15:40:47.201+0000] {taskinstance.py:341} INFO - ::group::Post task execution logs
[2026-09-23T15:40:47.203+0000] {taskinstance.py:353} INFO - Marking task as SUCCESS. dag_id=dss150p_sales_pipeline, task_id=begin_run, run_id=manual__2026-09-23T15:27:34+00:00, execution_date=20260923T152734, start_date=20260923T154045, end_date=20260923T154047
[2026-09-23T15:40:47.251+0000] {local_task_job_runner.py:266} INFO - Task exited with return code 0
[2026-09-23T15:40:47.284+0000] {taskinstance.py:3901} INFO - 1 downstream tasks scheduled from follow-on schedule check
[2026-09-23T15:40:47.287+0000] {local_task_job_runner.py:245} INFO - ::endgroup::
