[2026-09-23T15:27:29.062+0000] {local_task_job_runner.py:123} INFO - ::group::Pre task execution logs
[2026-09-23T15:27:29.087+0000] {taskinstance.py:2614} INFO - Dependencies all met for dep_context=non-requeueable deps ti=<TaskInstance: dss150p_sales_pipeline.load_full scheduled__2026-09-22T02:00:00+00:00 [queued]>
[2026-09-23T15:27:29.098+0000] {taskinstance.py:2614} INFO - Dependencies all met for dep_context=requeueable deps ti=<TaskInstance: dss150p_sales_pipeline.load_full scheduled__2026-09-22T02:00:00+00:00 [queued]>
[2026-09-23T15:27:29.100+0000] {taskinstance.py:2867} INFO - Starting attempt 1 of 3
[2026-09-23T15:27:29.113+0000] {taskinstance.py:2890} INFO - Executing <Task(BashOperator): load_full> on 2026-09-22 02:00:00+00:00
[2026-09-23T15:27:29.119+0000] {standard_task_runner.py:72} INFO - Started process 238 to run task
[2026-09-23T15:27:29.123+0000] {standard_task_runner.py:104} INFO - Running: ['airflow', 'tasks', 'run', 'dss150p_sales_pipeline', 'load_full', 'scheduled__2026-09-22T02:00:00+00:00', '--job-id', '6', '--raw', '--subdir', 'DAGS_FOLDER/dss150p_pipeline.py', '--cfg-path', '/tmp/tmp41cqydwf']
[2026-09-23T15:27:29.126+0000] {standard_task_runner.py:105} INFO - Job 6: Subtask load_full
[2026-09-23T15:27:29.202+0000] {task_command.py:467} INFO - Running <TaskInstance: dss150p_sales_pipeline.load_full scheduled__2026-09-22T02:00:00+00:00 [running]> on host 549fa4d9275e
[2026-09-23T15:27:29.329+0000] {taskinstance.py:3134} INFO - Exporting env vars: AIRFLOW_CTX_DAG_OWNER='dss150p' AIRFLOW_CTX_DAG_ID='dss150p_sales_pipeline' AIRFLOW_CTX_TASK_ID='load_full' AIRFLOW_CTX_EXECUTION_DATE='2026-09-22T02:00:00+00:00' AIRFLOW_CTX_TRY_NUMBER='1' AIRFLOW_CTX_DAG_RUN_ID='scheduled__2026-09-22T02:00:00+00:00'
[2026-09-23T15:27:29.331+0000] {taskinstance.py:732} INFO - ::endgroup::
[2026-09-23T15:27:29.346+0000] {subprocess.py:78} INFO - Tmp dir root location: /tmp
[2026-09-23T15:27:29.348+0000] {subprocess.py:88} INFO - Running command: ['/usr/bin/bash', '-c', 'cd /opt/airflow/project && PIPELINE_RUN_ID="scheduled__2026-09-22T02:00:00+00:00" python -m src.cli load']
[2026-09-23T15:27:29.358+0000] {subprocess.py:99} INFO - Output:
[2026-09-23T15:27:35.016+0000] {subprocess.py:106} INFO - [load] run_id=scheduled__2026-09-22T02:00:00+00:00 rows written (insert+update): 0
[2026-09-23T15:27:35.248+0000] {subprocess.py:110} INFO - Command exited with return code 0
[2026-09-23T15:27:35.276+0000] {taskinstance.py:341} INFO - ::group::Post task execution logs
[2026-09-23T15:27:35.278+0000] {taskinstance.py:353} INFO - Marking task as SUCCESS. dag_id=dss150p_sales_pipeline, task_id=load_full, run_id=scheduled__2026-09-22T02:00:00+00:00, execution_date=20260922T020000, start_date=20260923T152729, end_date=20260923T152735
[2026-09-23T15:27:35.343+0000] {local_task_job_runner.py:266} INFO - Task exited with return code 0
[2026-09-23T15:27:35.366+0000] {taskinstance.py:3901} INFO - 1 downstream tasks scheduled from follow-on schedule check
[2026-09-23T15:27:35.369+0000] {local_task_job_runner.py:245} INFO - ::endgroup::
[2026-09-23T15:52:49.426+0000] {local_task_job_runner.py:123} INFO - ::group::Pre task execution logs
[2026-09-23T15:52:49.455+0000] {taskinstance.py:2614} INFO - Dependencies all met for dep_context=non-requeueable deps ti=<TaskInstance: dss150p_sales_pipeline.load_full scheduled__2026-09-22T02:00:00+00:00 [queued]>
[2026-09-23T15:52:49.466+0000] {taskinstance.py:2614} INFO - Dependencies all met for dep_context=requeueable deps ti=<TaskInstance: dss150p_sales_pipeline.load_full scheduled__2026-09-22T02:00:00+00:00 [queued]>
[2026-09-23T15:52:49.467+0000] {taskinstance.py:2867} INFO - Starting attempt 1 of 3
[2026-09-23T15:52:49.481+0000] {taskinstance.py:2890} INFO - Executing <Task(BashOperator): load_full> on 2026-09-22 02:00:00+00:00
[2026-09-23T15:52:49.487+0000] {standard_task_runner.py:72} INFO - Started process 324 to run task
[2026-09-23T15:52:49.491+0000] {standard_task_runner.py:104} INFO - Running: ['airflow', 'tasks', 'run', 'dss150p_sales_pipeline', 'load_full', 'scheduled__2026-09-22T02:00:00+00:00', '--job-id', '9', '--raw', '--subdir', 'DAGS_FOLDER/dss150p_pipeline.py', '--cfg-path', '/tmp/tmpxalmcwju']
[2026-09-23T15:52:49.493+0000] {standard_task_runner.py:105} INFO - Job 9: Subtask load_full
[2026-09-23T15:52:49.569+0000] {task_command.py:467} INFO - Running <TaskInstance: dss150p_sales_pipeline.load_full scheduled__2026-09-22T02:00:00+00:00 [running]> on host a54d77175d05
[2026-09-23T15:52:49.680+0000] {taskinstance.py:3134} INFO - Exporting env vars: AIRFLOW_CTX_DAG_OWNER='dss150p' AIRFLOW_CTX_DAG_ID='dss150p_sales_pipeline' AIRFLOW_CTX_TASK_ID='load_full' AIRFLOW_CTX_EXECUTION_DATE='2026-09-22T02:00:00+00:00' AIRFLOW_CTX_TRY_NUMBER='1' AIRFLOW_CTX_DAG_RUN_ID='scheduled__2026-09-22T02:00:00+00:00'
[2026-09-23T15:52:49.682+0000] {taskinstance.py:732} INFO - ::endgroup::
[2026-09-23T15:52:49.696+0000] {subprocess.py:78} INFO - Tmp dir root location: /tmp
[2026-09-23T15:52:49.698+0000] {subprocess.py:88} INFO - Running command: ['/usr/bin/bash', '-c', 'cd /opt/airflow/project && PIPELINE_RUN_ID="scheduled__2026-09-22T02:00:00+00:00" python -m src.cli load']
[2026-09-23T15:52:49.712+0000] {subprocess.py:99} INFO - Output:
[2026-09-23T15:52:54.285+0000] {subprocess.py:106} INFO - [load] run_id=scheduled__2026-09-22T02:00:00+00:00 rows written (insert+update): 49897
[2026-09-23T15:52:54.481+0000] {subprocess.py:110} INFO - Command exited with return code 0
[2026-09-23T15:52:54.514+0000] {taskinstance.py:341} INFO - ::group::Post task execution logs
[2026-09-23T15:52:54.515+0000] {taskinstance.py:353} INFO - Marking task as SUCCESS. dag_id=dss150p_sales_pipeline, task_id=load_full, run_id=scheduled__2026-09-22T02:00:00+00:00, execution_date=20260922T020000, start_date=20260923T155249, end_date=20260923T155254
[2026-09-23T15:52:54.556+0000] {local_task_job_runner.py:266} INFO - Task exited with return code 0
[2026-09-23T15:52:54.582+0000] {taskinstance.py:3901} INFO - 1 downstream tasks scheduled from follow-on schedule check
[2026-09-23T15:52:54.585+0000] {local_task_job_runner.py:245} INFO - ::endgroup::
