[2026-09-23T15:40:50.572+0000] {local_task_job_runner.py:123} INFO - ::group::Pre task execution logs
[2026-09-23T15:40:50.605+0000] {taskinstance.py:2614} INFO - Dependencies all met for dep_context=non-requeueable deps ti=<TaskInstance: dss150p_sales_pipeline.transform manual__2026-09-23T15:36:45+00:00 [queued]>
[2026-09-23T15:40:50.621+0000] {taskinstance.py:2614} INFO - Dependencies all met for dep_context=requeueable deps ti=<TaskInstance: dss150p_sales_pipeline.transform manual__2026-09-23T15:36:45+00:00 [queued]>
[2026-09-23T15:40:50.622+0000] {taskinstance.py:2867} INFO - Starting attempt 1 of 3
[2026-09-23T15:40:50.642+0000] {taskinstance.py:2890} INFO - Executing <Task(BashOperator): transform> on 2026-09-23 15:36:45+00:00
[2026-09-23T15:40:50.651+0000] {standard_task_runner.py:72} INFO - Started process 435 to run task
[2026-09-23T15:40:50.656+0000] {standard_task_runner.py:104} INFO - Running: ['airflow', 'tasks', 'run', 'dss150p_sales_pipeline', 'transform', 'manual__2026-09-23T15:36:45+00:00', '--job-id', '23', '--raw', '--subdir', 'DAGS_FOLDER/dss150p_pipeline.py', '--cfg-path', '/tmp/tmpi775fhr6']
[2026-09-23T15:40:50.661+0000] {standard_task_runner.py:105} INFO - Job 23: Subtask transform
[2026-09-23T15:40:50.732+0000] {task_command.py:467} INFO - Running <TaskInstance: dss150p_sales_pipeline.transform manual__2026-09-23T15:36:45+00:00 [running]> on host 549fa4d9275e
[2026-09-23T15:40:50.829+0000] {taskinstance.py:3134} INFO - Exporting env vars: AIRFLOW_CTX_DAG_OWNER='dss150p' AIRFLOW_CTX_DAG_ID='dss150p_sales_pipeline' AIRFLOW_CTX_TASK_ID='transform' AIRFLOW_CTX_EXECUTION_DATE='2026-09-23T15:36:45+00:00' AIRFLOW_CTX_TRY_NUMBER='1' AIRFLOW_CTX_DAG_RUN_ID='manual__2026-09-23T15:36:45+00:00'
[2026-09-23T15:40:50.831+0000] {taskinstance.py:732} INFO - ::endgroup::
[2026-09-23T15:40:50.842+0000] {subprocess.py:78} INFO - Tmp dir root location: /tmp
[2026-09-23T15:40:50.844+0000] {subprocess.py:88} INFO - Running command: ['/usr/bin/bash', '-c', 'cd /opt/airflow/project && PIPELINE_RUN_ID="manual__2026-09-23T15:36:45+00:00" python -m src.cli transform']
[2026-09-23T15:40:50.858+0000] {subprocess.py:99} INFO - Output:
[2026-09-23T15:40:56.589+0000] {subprocess.py:106} INFO -   customers rows: 3000
[2026-09-23T15:40:56.591+0000] {subprocess.py:106} INFO -   products rows:  599
[2026-09-23T15:40:56.593+0000] {subprocess.py:106} INFO -   orders rows:    49998
[2026-09-23T15:40:56.595+0000] {subprocess.py:106} INFO -   quarantine rows: 3
[2026-09-23T15:40:56.597+0000] {subprocess.py:106} INFO -   curated rows:    49897
[2026-09-23T15:40:56.598+0000] {subprocess.py:106} INFO -   quarantine rows: 104
[2026-09-23T15:40:56.750+0000] {subprocess.py:110} INFO - Command exited with return code 0
[2026-09-23T15:40:56.782+0000] {taskinstance.py:341} INFO - ::group::Post task execution logs
[2026-09-23T15:40:56.784+0000] {taskinstance.py:353} INFO - Marking task as SUCCESS. dag_id=dss150p_sales_pipeline, task_id=transform, run_id=manual__2026-09-23T15:36:45+00:00, execution_date=20260923T153645, start_date=20260923T154050, end_date=20260923T154056
[2026-09-23T15:40:56.826+0000] {local_task_job_runner.py:266} INFO - Task exited with return code 0
[2026-09-23T15:40:56.885+0000] {taskinstance.py:3901} INFO - 1 downstream tasks scheduled from follow-on schedule check
[2026-09-23T15:40:56.924+0000] {local_task_job_runner.py:245} INFO - ::endgroup::
