[2026-09-23T15:40:58.594+0000] {local_task_job_runner.py:123} INFO - ::group::Pre task execution logs
[2026-09-23T15:40:58.619+0000] {taskinstance.py:2614} INFO - Dependencies all met for dep_context=non-requeueable deps ti=<TaskInstance: dss150p_sales_pipeline.load_full manual__2026-09-23T15:27:34+00:00 [queued]>
[2026-09-23T15:40:58.629+0000] {taskinstance.py:2614} INFO - Dependencies all met for dep_context=requeueable deps ti=<TaskInstance: dss150p_sales_pipeline.load_full manual__2026-09-23T15:27:34+00:00 [queued]>
[2026-09-23T15:40:58.631+0000] {taskinstance.py:2867} INFO - Starting attempt 2 of 4
[2026-09-23T15:40:58.645+0000] {taskinstance.py:2890} INFO - Executing <Task(BashOperator): load_full> on 2026-09-23 15:27:34+00:00
[2026-09-23T15:40:58.652+0000] {standard_task_runner.py:72} INFO - Started process 502 to run task
[2026-09-23T15:40:58.656+0000] {standard_task_runner.py:104} INFO - Running: ['airflow', 'tasks', 'run', 'dss150p_sales_pipeline', 'load_full', 'manual__2026-09-23T15:27:34+00:00', '--job-id', '27', '--raw', '--subdir', 'DAGS_FOLDER/dss150p_pipeline.py', '--cfg-path', '/tmp/tmp3l9tjgjb']
[2026-09-23T15:40:58.660+0000] {standard_task_runner.py:105} INFO - Job 27: Subtask load_full
[2026-09-23T15:40:58.729+0000] {task_command.py:467} INFO - Running <TaskInstance: dss150p_sales_pipeline.load_full manual__2026-09-23T15:27:34+00:00 [running]> on host 549fa4d9275e
[2026-09-23T15:40:58.855+0000] {taskinstance.py:3134} INFO - Exporting env vars: AIRFLOW_CTX_DAG_OWNER='dss150p' AIRFLOW_CTX_DAG_ID='dss150p_sales_pipeline' AIRFLOW_CTX_TASK_ID='load_full' AIRFLOW_CTX_EXECUTION_DATE='2026-09-23T15:27:34+00:00' AIRFLOW_CTX_TRY_NUMBER='2' AIRFLOW_CTX_DAG_RUN_ID='manual__2026-09-23T15:27:34+00:00'
[2026-09-23T15:40:58.858+0000] {taskinstance.py:732} INFO - ::endgroup::
[2026-09-23T15:40:58.871+0000] {subprocess.py:78} INFO - Tmp dir root location: /tmp
[2026-09-23T15:40:58.873+0000] {subprocess.py:88} INFO - Running command: ['/usr/bin/bash', '-c', 'cd /opt/airflow/project && PIPELINE_RUN_ID="manual__2026-09-23T15:27:34+00:00" python -m src.cli load']
[2026-09-23T15:40:58.886+0000] {subprocess.py:99} INFO - Output:
[2026-09-23T15:41:03.261+0000] {subprocess.py:106} INFO - [load] run_id=manual__2026-09-23T15:27:34+00:00 rows written (insert+update): 0
[2026-09-23T15:41:03.444+0000] {subprocess.py:110} INFO - Command exited with return code 0
[2026-09-23T15:41:03.480+0000] {taskinstance.py:341} INFO - ::group::Post task execution logs
[2026-09-23T15:41:03.482+0000] {taskinstance.py:353} INFO - Marking task as SUCCESS. dag_id=dss150p_sales_pipeline, task_id=load_full, run_id=manual__2026-09-23T15:27:34+00:00, execution_date=20260923T152734, start_date=20260923T154058, end_date=20260923T154103
[2026-09-23T15:41:03.530+0000] {local_task_job_runner.py:266} INFO - Task exited with return code 0
[2026-09-23T15:41:03.560+0000] {taskinstance.py:3901} INFO - 1 downstream tasks scheduled from follow-on schedule check
[2026-09-23T15:41:03.562+0000] {local_task_job_runner.py:245} INFO - ::endgroup::
