[2026-09-23T15:46:01.949+0000] {local_task_job_runner.py:123} INFO - ::group::Pre task execution logs
[2026-09-23T15:46:01.976+0000] {taskinstance.py:2614} INFO - Dependencies all met for dep_context=non-requeueable deps ti=<TaskInstance: dss150p_sales_pipeline.load_partition manual__2026-09-23T15:45:49+00:00 [queued]>
[2026-09-23T15:46:01.987+0000] {taskinstance.py:2614} INFO - Dependencies all met for dep_context=requeueable deps ti=<TaskInstance: dss150p_sales_pipeline.load_partition manual__2026-09-23T15:45:49+00:00 [queued]>
[2026-09-23T15:46:01.988+0000] {taskinstance.py:2867} INFO - Starting attempt 1 of 3
[2026-09-23T15:46:02.001+0000] {taskinstance.py:2890} INFO - Executing <Task(BashOperator): load_partition> on 2026-09-23 15:45:49+00:00
[2026-09-23T15:46:02.007+0000] {standard_task_runner.py:72} INFO - Started process 856 to run task
[2026-09-23T15:46:02.010+0000] {standard_task_runner.py:104} INFO - Running: ['airflow', 'tasks', 'run', 'dss150p_sales_pipeline', 'load_partition', 'manual__2026-09-23T15:45:49+00:00', '--job-id', '37', '--raw', '--subdir', 'DAGS_FOLDER/dss150p_pipeline.py', '--cfg-path', '/tmp/tmpd1bow08f']
[2026-09-23T15:46:02.013+0000] {standard_task_runner.py:105} INFO - Job 37: Subtask load_partition
[2026-09-23T15:46:02.076+0000] {task_command.py:467} INFO - Running <TaskInstance: dss150p_sales_pipeline.load_partition manual__2026-09-23T15:45:49+00:00 [running]> on host 549fa4d9275e
[2026-09-23T15:46:02.195+0000] {taskinstance.py:3134} INFO - Exporting env vars: AIRFLOW_CTX_DAG_OWNER='dss150p' AIRFLOW_CTX_DAG_ID='dss150p_sales_pipeline' AIRFLOW_CTX_TASK_ID='load_partition' AIRFLOW_CTX_EXECUTION_DATE='2026-09-23T15:45:49+00:00' AIRFLOW_CTX_TRY_NUMBER='1' AIRFLOW_CTX_DAG_RUN_ID='manual__2026-09-23T15:45:49+00:00'
[2026-09-23T15:46:02.197+0000] {taskinstance.py:732} INFO - ::endgroup::
[2026-09-23T15:46:02.211+0000] {subprocess.py:78} INFO - Tmp dir root location: /tmp
[2026-09-23T15:46:02.213+0000] {subprocess.py:88} INFO - Running command: ['/usr/bin/bash', '-c', 'cd /opt/airflow/project && PIPELINE_RUN_ID="manual__2026-09-23T15:45:49+00:00" python -m src.cli load-partition --year 2026 --month 5']
[2026-09-23T15:46:02.227+0000] {subprocess.py:99} INFO - Output:
[2026-09-23T15:46:03.776+0000] {subprocess.py:106} INFO - [load-partition] 2026-05 rows written: 0
[2026-09-23T15:46:03.880+0000] {subprocess.py:110} INFO - Command exited with return code 0
[2026-09-23T15:46:03.910+0000] {taskinstance.py:341} INFO - ::group::Post task execution logs
[2026-09-23T15:46:03.911+0000] {taskinstance.py:353} INFO - Marking task as SUCCESS. dag_id=dss150p_sales_pipeline, task_id=load_partition, run_id=manual__2026-09-23T15:45:49+00:00, execution_date=20260923T154549, start_date=20260923T154601, end_date=20260923T154603
[2026-09-23T15:46:03.955+0000] {local_task_job_runner.py:266} INFO - Task exited with return code 0
[2026-09-23T15:46:03.979+0000] {taskinstance.py:3901} INFO - 1 downstream tasks scheduled from follow-on schedule check
[2026-09-23T15:46:03.983+0000] {local_task_job_runner.py:245} INFO - ::endgroup::
