[2026-09-23T15:27:27.978+0000] {local_task_job_runner.py:123} INFO - ::group::Pre task execution logs
[2026-09-23T15:27:28.015+0000] {taskinstance.py:2614} INFO - Dependencies all met for dep_context=non-requeueable deps ti=<TaskInstance: dss150p_sales_pipeline.choose_load_branch scheduled__2026-09-22T02:00:00+00:00 [queued]>
[2026-09-23T15:27:28.034+0000] {taskinstance.py:2614} INFO - Dependencies all met for dep_context=requeueable deps ti=<TaskInstance: dss150p_sales_pipeline.choose_load_branch scheduled__2026-09-22T02:00:00+00:00 [queued]>
[2026-09-23T15:27:28.036+0000] {taskinstance.py:2867} INFO - Starting attempt 1 of 3
[2026-09-23T15:27:28.051+0000] {taskinstance.py:2890} INFO - Executing <Task(BranchPythonOperator): choose_load_branch> on 2026-09-22 02:00:00+00:00
[2026-09-23T15:27:28.060+0000] {standard_task_runner.py:72} INFO - Started process 235 to run task
[2026-09-23T15:27:28.064+0000] {standard_task_runner.py:104} INFO - Running: ['airflow', 'tasks', 'run', 'dss150p_sales_pipeline', 'choose_load_branch', 'scheduled__2026-09-22T02:00:00+00:00', '--job-id', '5', '--raw', '--subdir', 'DAGS_FOLDER/dss150p_pipeline.py', '--cfg-path', '/tmp/tmpyf1_r1v1']
[2026-09-23T15:27:28.068+0000] {standard_task_runner.py:105} INFO - Job 5: Subtask choose_load_branch
[2026-09-23T15:27:28.129+0000] {task_command.py:467} INFO - Running <TaskInstance: dss150p_sales_pipeline.choose_load_branch scheduled__2026-09-22T02:00:00+00:00 [running]> on host 549fa4d9275e
[2026-09-23T15:27:28.232+0000] {taskinstance.py:3134} INFO - Exporting env vars: AIRFLOW_CTX_DAG_OWNER='dss150p' AIRFLOW_CTX_DAG_ID='dss150p_sales_pipeline' AIRFLOW_CTX_TASK_ID='choose_load_branch' AIRFLOW_CTX_EXECUTION_DATE='2026-09-22T02:00:00+00:00' AIRFLOW_CTX_TRY_NUMBER='1' AIRFLOW_CTX_DAG_RUN_ID='scheduled__2026-09-22T02:00:00+00:00'
[2026-09-23T15:27:28.234+0000] {taskinstance.py:732} INFO - ::endgroup::
[2026-09-23T15:27:28.245+0000] {baseoperator.py:423} WARNING - BranchPythonOperator.execute cannot be called outside TaskInstance!
[2026-09-23T15:27:28.246+0000] {python.py:240} INFO - Done. Returned value was: load_full
[2026-09-23T15:27:28.247+0000] {branch.py:38} INFO - Branch into load_full
[2026-09-23T15:27:28.248+0000] {skipmixin.py:233} INFO - Following branch ('load_full',)
[2026-09-23T15:27:28.262+0000] {skipmixin.py:281} INFO - Skipping tasks [('load_partition', -1)]
[2026-09-23T15:27:28.294+0000] {taskinstance.py:341} INFO - ::group::Post task execution logs
[2026-09-23T15:27:28.295+0000] {taskinstance.py:353} INFO - Marking task as SUCCESS. dag_id=dss150p_sales_pipeline, task_id=choose_load_branch, run_id=scheduled__2026-09-22T02:00:00+00:00, execution_date=20260922T020000, start_date=20260923T152728, end_date=20260923T152728
[2026-09-23T15:27:28.359+0000] {local_task_job_runner.py:266} INFO - Task exited with return code 0
[2026-09-23T15:27:28.389+0000] {taskinstance.py:3901} INFO - 1 downstream tasks scheduled from follow-on schedule check
[2026-09-23T15:27:28.420+0000] {local_task_job_runner.py:245} INFO - ::endgroup::
[2026-09-23T15:52:48.266+0000] {local_task_job_runner.py:123} INFO - ::group::Pre task execution logs
[2026-09-23T15:52:48.291+0000] {taskinstance.py:2614} INFO - Dependencies all met for dep_context=non-requeueable deps ti=<TaskInstance: dss150p_sales_pipeline.choose_load_branch scheduled__2026-09-22T02:00:00+00:00 [queued]>
[2026-09-23T15:52:48.302+0000] {taskinstance.py:2614} INFO - Dependencies all met for dep_context=requeueable deps ti=<TaskInstance: dss150p_sales_pipeline.choose_load_branch scheduled__2026-09-22T02:00:00+00:00 [queued]>
[2026-09-23T15:52:48.303+0000] {taskinstance.py:2867} INFO - Starting attempt 1 of 3
[2026-09-23T15:52:48.321+0000] {taskinstance.py:2890} INFO - Executing <Task(BranchPythonOperator): choose_load_branch> on 2026-09-22 02:00:00+00:00
[2026-09-23T15:52:48.328+0000] {standard_task_runner.py:72} INFO - Started process 311 to run task
[2026-09-23T15:52:48.332+0000] {standard_task_runner.py:104} INFO - Running: ['airflow', 'tasks', 'run', 'dss150p_sales_pipeline', 'choose_load_branch', 'scheduled__2026-09-22T02:00:00+00:00', '--job-id', '8', '--raw', '--subdir', 'DAGS_FOLDER/dss150p_pipeline.py', '--cfg-path', '/tmp/tmp6ypiop55']
[2026-09-23T15:52:48.336+0000] {standard_task_runner.py:105} INFO - Job 8: Subtask choose_load_branch
[2026-09-23T15:52:48.410+0000] {task_command.py:467} INFO - Running <TaskInstance: dss150p_sales_pipeline.choose_load_branch scheduled__2026-09-22T02:00:00+00:00 [running]> on host a54d77175d05
[2026-09-23T15:52:48.553+0000] {taskinstance.py:3134} INFO - Exporting env vars: AIRFLOW_CTX_DAG_OWNER='dss150p' AIRFLOW_CTX_DAG_ID='dss150p_sales_pipeline' AIRFLOW_CTX_TASK_ID='choose_load_branch' AIRFLOW_CTX_EXECUTION_DATE='2026-09-22T02:00:00+00:00' AIRFLOW_CTX_TRY_NUMBER='1' AIRFLOW_CTX_DAG_RUN_ID='scheduled__2026-09-22T02:00:00+00:00'
[2026-09-23T15:52:48.556+0000] {taskinstance.py:732} INFO - ::endgroup::
[2026-09-23T15:52:48.579+0000] {baseoperator.py:423} WARNING - BranchPythonOperator.execute cannot be called outside TaskInstance!
[2026-09-23T15:52:48.581+0000] {python.py:240} INFO - Done. Returned value was: load_full
[2026-09-23T15:52:48.582+0000] {branch.py:38} INFO - Branch into load_full
[2026-09-23T15:52:48.584+0000] {skipmixin.py:233} INFO - Following branch ('load_full',)
[2026-09-23T15:52:48.605+0000] {skipmixin.py:281} INFO - Skipping tasks [('load_partition', -1)]
[2026-09-23T15:52:48.643+0000] {taskinstance.py:341} INFO - ::group::Post task execution logs
[2026-09-23T15:52:48.645+0000] {taskinstance.py:353} INFO - Marking task as SUCCESS. dag_id=dss150p_sales_pipeline, task_id=choose_load_branch, run_id=scheduled__2026-09-22T02:00:00+00:00, execution_date=20260922T020000, start_date=20260923T155248, end_date=20260923T155248
[2026-09-23T15:52:48.708+0000] {local_task_job_runner.py:266} INFO - Task exited with return code 0
[2026-09-23T15:52:48.744+0000] {taskinstance.py:3901} INFO - 1 downstream tasks scheduled from follow-on schedule check
[2026-09-23T15:52:48.747+0000] {local_task_job_runner.py:245} INFO - ::endgroup::
