[2026-09-23T15:52:48.265+0000] {local_task_job_runner.py:123} INFO - ::group::Pre task execution logs
[2026-09-23T15:52:48.291+0000] {taskinstance.py:2614} INFO - Dependencies all met for dep_context=non-requeueable deps ti=<TaskInstance: dss150p_sales_pipeline.transform manual__2026-09-23T15:52:42+00:00 [queued]>
[2026-09-23T15:52:48.302+0000] {taskinstance.py:2614} INFO - Dependencies all met for dep_context=requeueable deps ti=<TaskInstance: dss150p_sales_pipeline.transform manual__2026-09-23T15:52:42+00:00 [queued]>
[2026-09-23T15:52:48.304+0000] {taskinstance.py:2867} INFO - Starting attempt 1 of 3
[2026-09-23T15:52:48.321+0000] {taskinstance.py:2890} INFO - Executing <Task(BashOperator): transform> on 2026-09-23 15:52:42+00:00
[2026-09-23T15:52:48.328+0000] {standard_task_runner.py:72} INFO - Started process 310 to run task
[2026-09-23T15:52:48.332+0000] {standard_task_runner.py:104} INFO - Running: ['airflow', 'tasks', 'run', 'dss150p_sales_pipeline', 'transform', 'manual__2026-09-23T15:52:42+00:00', '--job-id', '7', '--raw', '--subdir', 'DAGS_FOLDER/dss150p_pipeline.py', '--cfg-path', '/tmp/tmpnd99gae5']
[2026-09-23T15:52:48.336+0000] {standard_task_runner.py:105} INFO - Job 7: Subtask transform
[2026-09-23T15:52:48.407+0000] {task_command.py:467} INFO - Running <TaskInstance: dss150p_sales_pipeline.transform manual__2026-09-23T15:52:42+00:00 [running]> on host a54d77175d05
[2026-09-23T15:52:48.560+0000] {taskinstance.py:3134} INFO - Exporting env vars: AIRFLOW_CTX_DAG_OWNER='dss150p' AIRFLOW_CTX_DAG_ID='dss150p_sales_pipeline' AIRFLOW_CTX_TASK_ID='transform' AIRFLOW_CTX_EXECUTION_DATE='2026-09-23T15:52:42+00:00' AIRFLOW_CTX_TRY_NUMBER='1' AIRFLOW_CTX_DAG_RUN_ID='manual__2026-09-23T15:52:42+00:00'
[2026-09-23T15:52:48.563+0000] {taskinstance.py:732} INFO - ::endgroup::
[2026-09-23T15:52:48.586+0000] {subprocess.py:78} INFO - Tmp dir root location: /tmp
[2026-09-23T15:52:48.588+0000] {subprocess.py:88} INFO - Running command: ['/usr/bin/bash', '-c', 'cd /opt/airflow/project && PIPELINE_RUN_ID="manual__2026-09-23T15:52:42+00:00" python -m src.cli transform']
[2026-09-23T15:52:48.603+0000] {subprocess.py:99} INFO - Output:
[2026-09-23T15:52:54.519+0000] {subprocess.py:106} INFO -   customers rows: 3000
[2026-09-23T15:52:54.521+0000] {subprocess.py:106} INFO -   products rows:  599
[2026-09-23T15:52:54.522+0000] {subprocess.py:106} INFO -   orders rows:    49998
[2026-09-23T15:52:54.523+0000] {subprocess.py:106} INFO -   quarantine rows: 3
[2026-09-23T15:52:54.524+0000] {subprocess.py:106} INFO -   curated rows:    49897
[2026-09-23T15:52:54.526+0000] {subprocess.py:106} INFO -   quarantine rows: 104
[2026-09-23T15:52:54.633+0000] {subprocess.py:110} INFO - Command exited with return code 0
[2026-09-23T15:52:54.663+0000] {taskinstance.py:341} INFO - ::group::Post task execution logs
[2026-09-23T15:52:54.665+0000] {taskinstance.py:353} INFO - Marking task as SUCCESS. dag_id=dss150p_sales_pipeline, task_id=transform, run_id=manual__2026-09-23T15:52:42+00:00, execution_date=20260923T155242, start_date=20260923T155248, end_date=20260923T155254
[2026-09-23T15:52:54.740+0000] {local_task_job_runner.py:266} INFO - Task exited with return code 0
[2026-09-23T15:52:54.767+0000] {taskinstance.py:3901} INFO - 1 downstream tasks scheduled from follow-on schedule check
[2026-09-23T15:52:54.770+0000] {local_task_job_runner.py:245} INFO - ::endgroup::
